   Compiling engine v0.1.0 (C:\Users\jayte\Documents\dev\SoccerManager\crates\engine)
    Finished `release` profile [optimized + debuginfo] target(s) in 0.82s
     Running tests\defending.rs (target\release\deps\defending-916852a5159bf36d.exe)

running 2 tests
4-4-2 v 4-4-2: 0.75 - 0.72
control: home 0.7333 away 0.7833
4-3-3 v 4-4-2: 2.01 - 0.17
4-2-3-1 v 4-4-2: 1.13 - 1.42
keeper sent off: full side 1.1833, reduced side 2.1000, limit 1.1733
3-5-2 v 4-4-2: 0.77 - 1.63
test a_sending_off_gives_no_advantage has been running for over 60 seconds
test every_formation_holds has been running for over 60 seconds
4-1-4-1 v 4-4-2: 0.62 - 0.50
centre-back sent off: full side 0.7667, reduced side 0.8333, limit 1.1733
4-4-1-1 v 4-4-2: 2.87 - 0.65
4-1-2-1-2 v 4-4-2: 0.44 - 0.40
striker sent off: full side 1.0083, reduced side 1.2667, limit 1.1733

thread 'a_sending_off_gives_no_advantage' (48164) panicked at crates\engine\tests\defending.rs:245:5:
[
    "keeper: the reduced side scored 2.10 against 1.18",
    "keeper: the full side scored 1.18, above 1.6 x 0.73",
    "centre-back: the reduced side scored 0.83 against 0.77",
    "striker: the reduced side scored 1.27 against 1.01",
]
note: run with `RUST_BACKTRACE=1` environment variable to display a backtrace
test a_sending_off_gives_no_advantage ... FAILED
3-4-3 v 4-4-2: 2.88 - 0.88
5-3-2 v 4-4-2: 0.34 - 0.57
5-4-1 v 4-4-2: 0.76 - 1.15
test every_formation_holds ... ok

failures:

failures:
    a_sending_off_gives_no_advantage

test result: FAILED. 1 passed; 1 failed; 0 ignored; 0 measured; 6 filtered out; finished in 123.86s

error: test failed, to rerun pass `-p engine --test defending`
