2026-09-22T18:47:13.324389Z  INFO engine::data: signal="content.loaded" kind="attributes" path="attributes.json" schema_version=1 bytes=1884 hash=096020d4ab81
2026-09-22T18:47:13.324552Z  INFO engine::data: signal="content.loaded" kind="tuning" path="tuning.json" schema_version=1 bytes=3891 hash=0f5d068f7d43
2026-09-22T18:47:13.324620Z  INFO engine::data: signal="content.loaded" kind="rules" path="rules/default.json" schema_version=1 bytes=858 hash=6ebfdf131295
2026-09-22T18:47:13.324842Z  INFO engine::data: signal="content.loaded" kind="team" path="teams/default-a.json" schema_version=1 bytes=23735 hash=c4154f222b4e
2026-09-22T18:47:13.325035Z  INFO engine::data: signal="content.loaded" kind="team" path="teams/default-b.json" schema_version=1 bytes=23734 hash=62e16684340a
2026-09-22T18:47:13.327055Z  INFO stream::server: signal="socket.listening" port=54651 protocol_version=1 match_id=000000000000002a-1790102833325
54651
2026-09-22T18:47:13.328367Z  INFO engine_cli::web: signal="web.serving" dir=web files=31 isolated=true port=54652
http://127.0.0.1:54652/
2026-09-22T18:47:13.418562Z  INFO stream::server: signal="socket.client" origin=http://127.0.0.1:54652 protocol_version=1 match_id=000000000000002a-1790102833325
2026-09-22T18:47:13.421966Z  INFO stream::session: signal="socket.backpressure" tick=500 bound=500 paused_ms=1 resumes=1
2026-09-22T18:47:13.422050Z  INFO stream::session: signal="socket.backpressure" tick=532 bound=500 paused_ms=0 resumes=2
2026-09-22T18:47:13.422156Z  INFO stream::session: signal="socket.backpressure" tick=564 bound=500 paused_ms=0 resumes=3
2026-09-22T18:47:13.422222Z  INFO stream::session: signal="socket.backpressure" tick=565 bound=500 paused_ms=0 resumes=4
2026-09-22T18:47:13.422376Z  INFO stream::session: signal="socket.backpressure" tick=596 bound=500 paused_ms=0 resumes=5
2026-09-22T18:47:13.422490Z  INFO stream::session: signal="socket.backpressure" tick=597 bound=500 paused_ms=0 resumes=6
2026-09-22T18:47:13.422622Z  INFO stream::session: signal="socket.backpressure" tick=598 bound=500 paused_ms=0 resumes=7
2026-09-22T18:47:13.422721Z  INFO stream::session: signal="socket.backpressure" tick=628 bound=500 paused_ms=0 resumes=8
2026-09-22T18:47:13.422821Z  INFO stream::session: signal="socket.backpressure" tick=660 bound=500 paused_ms=0 resumes=9
2026-09-22T18:47:13.422856Z  INFO stream::session: signal="socket.backpressure" tick=661 bound=500 paused_ms=0 resumes=10
2026-09-22T18:47:13.424213Z  INFO stream::session: signal="socket.backpressure" tick=1460 bound=500 paused_ms=0 resumes=11
2026-09-22T18:47:13.424281Z  INFO stream::session: signal="socket.backpressure" tick=1461 bound=500 paused_ms=0 resumes=12
2026-09-22T18:47:13.424350Z  INFO stream::session: signal="socket.backpressure" tick=1462 bound=500 paused_ms=0 resumes=13
2026-09-22T18:47:13.424418Z  INFO stream::session: signal="socket.backpressure" tick=1463 bound=500 paused_ms=0 resumes=14
2026-09-22T18:47:13.424486Z  INFO stream::session: signal="socket.backpressure" tick=1464 bound=500 paused_ms=0 resumes=15
2026-09-22T18:47:13.424554Z  INFO stream::session: signal="socket.backpressure" tick=1465 bound=500 paused_ms=0 resumes=16
2026-09-22T18:47:13.424622Z  INFO stream::session: signal="socket.backpressure" tick=1466 bound=500 paused_ms=0 resumes=17
2026-09-22T18:47:13.424696Z  INFO stream::session: signal="socket.backpressure" tick=1467 bound=500 paused_ms=0 resumes=18
2026-09-22T18:47:13.435799Z  INFO stream::session: signal="socket.backpressure" tick=1468 bound=500 paused_ms=11 resumes=19
2026-09-22T18:47:13.435856Z  INFO stream::session: signal="socket.backpressure" tick=1469 bound=500 paused_ms=0 resumes=20
2026-09-22T18:47:13.435893Z  INFO stream::session: signal="socket.backpressure" tick=1470 bound=500 paused_ms=0 resumes=21
2026-09-22T18:47:13.436008Z  INFO stream::session: signal="socket.backpressure" tick=1471 bound=500 paused_ms=0 resumes=22
2026-09-22T18:47:13.436093Z  INFO stream::session: signal="socket.backpressure" tick=1472 bound=500 paused_ms=0 resumes=23
2026-09-22T18:47:13.436326Z  INFO stream::session: signal="socket.backpressure" tick=1492 bound=500 paused_ms=0 resumes=24
2026-09-22T18:47:13.436497Z  INFO stream::session: signal="socket.backpressure" tick=1493 bound=500 paused_ms=0 resumes=25
2026-09-22T18:47:13.436551Z  INFO stream::session: signal="socket.backpressure" tick=1494 bound=500 paused_ms=0 resumes=26
2026-09-22T18:47:13.436614Z  INFO stream::session: signal="socket.backpressure" tick=1495 bound=500 paused_ms=0 resumes=27
2026-09-22T18:47:13.436725Z  INFO stream::session: signal="socket.backpressure" tick=1496 bound=500 paused_ms=0 resumes=28
2026-09-22T18:47:13.436798Z  INFO stream::session: signal="socket.backpressure" tick=1497 bound=500 paused_ms=0 resumes=29
2026-09-22T18:47:13.436950Z  INFO stream::session: signal="socket.backpressure" tick=1498 bound=500 paused_ms=0 resumes=30
2026-09-22T18:47:13.437001Z  INFO stream::session: signal="socket.backpressure" tick=1499 bound=500 paused_ms=0 resumes=31
2026-09-22T18:47:13.437153Z  INFO stream::session: signal="socket.backpressure" tick=1500 bound=500 paused_ms=0 resumes=32
2026-09-22T18:47:13.437199Z  INFO stream::session: signal="socket.backpressure" tick=1515 bound=500 paused_ms=0 resumes=33
2026-09-22T18:47:13.437235Z  INFO stream::session: signal="socket.backpressure" tick=1516 bound=500 paused_ms=0 resumes=34
2026-09-22T18:47:13.437434Z  INFO stream::session: signal="socket.backpressure" tick=1524 bound=500 paused_ms=0 resumes=35
2026-09-22T18:47:13.437672Z  INFO stream::session: signal="socket.backpressure" tick=1556 bound=500 paused_ms=0 resumes=36
2026-09-22T18:47:13.439206Z  INFO stream::session: signal="socket.backpressure" tick=1557 bound=500 paused_ms=1 resumes=37
2026-09-22T18:47:13.439328Z  INFO stream::session: signal="socket.backpressure" tick=1558 bound=500 paused_ms=0 resumes=38
2026-09-22T18:47:13.440476Z  INFO stream::session: signal="socket.backpressure" tick=1559 bound=500 paused_ms=1 resumes=39
2026-09-22T18:47:13.444217Z  INFO stream::session: signal="socket.backpressure" tick=1560 bound=500 paused_ms=3 resumes=40
2026-09-22T18:47:13.444332Z  INFO stream::session: signal="socket.backpressure" tick=1561 bound=500 paused_ms=0 resumes=41
2026-09-22T18:47:13.444436Z  INFO stream::session: signal="socket.backpressure" tick=1562 bound=500 paused_ms=0 resumes=42
2026-09-22T18:47:13.444535Z  INFO stream::session: signal="socket.backpressure" tick=1563 bound=500 paused_ms=0 resumes=43
2026-09-22T18:47:13.444573Z  INFO stream::session: signal="socket.backpressure" tick=1564 bound=500 paused_ms=0 resumes=44
2026-09-22T18:47:13.444610Z  INFO stream::session: signal="socket.backpressure" tick=1565 bound=500 paused_ms=0 resumes=45
2026-09-22T18:47:13.444630Z  INFO stream::session: signal="socket.backpressure" tick=1566 bound=500 paused_ms=0 resumes=46
2026-09-22T18:47:13.444658Z  INFO stream::session: signal="socket.backpressure" tick=1567 bound=500 paused_ms=0 resumes=47
2026-09-22T18:47:13.444742Z  INFO stream::session: signal="socket.backpressure" tick=1588 bound=500 paused_ms=0 resumes=48
2026-09-22T18:47:13.444824Z  INFO stream::session: signal="socket.backpressure" tick=1589 bound=500 paused_ms=0 resumes=49
2026-09-22T18:47:13.444958Z  INFO stream::session: signal="socket.backpressure" tick=1590 bound=500 paused_ms=0 resumes=50
2026-09-22T18:47:13.445058Z  INFO stream::session: signal="socket.backpressure" tick=1591 bound=500 paused_ms=0 resumes=51
2026-09-22T18:47:13.445416Z  INFO stream::session: signal="socket.backpressure" tick=1592 bound=500 paused_ms=0 resumes=52
2026-09-22T18:47:13.445601Z  INFO stream::session: signal="socket.backpressure" tick=1593 bound=500 paused_ms=0 resumes=53
2026-09-22T18:47:13.445669Z  INFO stream::session: signal="socket.backpressure" tick=1594 bound=500 paused_ms=0 resumes=54
2026-09-22T18:47:13.445737Z  INFO stream::session: signal="socket.backpressure" tick=1595 bound=500 paused_ms=0 resumes=55
2026-09-22T18:47:13.445804Z  INFO stream::session: signal="socket.backpressure" tick=1596 bound=500 paused_ms=0 resumes=56
2026-09-22T18:47:13.445870Z  INFO stream::session: signal="socket.backpressure" tick=1597 bound=500 paused_ms=0 resumes=57
2026-09-22T18:47:13.445938Z  INFO stream::session: signal="socket.backpressure" tick=1598 bound=500 paused_ms=0 resumes=58
2026-09-22T18:47:13.446005Z  INFO stream::session: signal="socket.backpressure" tick=1599 bound=500 paused_ms=0 resumes=59
2026-09-22T18:47:13.446074Z  INFO stream::session: signal="socket.backpressure" tick=1600 bound=500 paused_ms=0 resumes=60
2026-09-22T18:47:13.446130Z  INFO stream::session: signal="socket.backpressure" tick=1601 bound=500 paused_ms=0 resumes=61
2026-09-22T18:47:13.446398Z  INFO stream::session: signal="socket.backpressure" tick=1620 bound=500 paused_ms=0 resumes=62
2026-09-22T18:47:13.446471Z  INFO stream::session: signal="socket.backpressure" tick=1621 bound=500 paused_ms=0 resumes=63
2026-09-22T18:47:13.446538Z  INFO stream::session: signal="socket.backpressure" tick=1622 bound=500 paused_ms=0 resumes=64
2026-09-22T18:47:13.446598Z  INFO stream::session: signal="socket.backpressure" tick=1652 bound=500 paused_ms=0 resumes=65
2026-09-22T18:47:13.446721Z  INFO stream::session: signal="socket.backpressure" tick=1653 bound=500 paused_ms=0 resumes=66
2026-09-22T18:47:13.446787Z  INFO stream::session: signal="socket.backpressure" tick=1654 bound=500 paused_ms=0 resumes=67
2026-09-22T18:47:13.447042Z  INFO stream::session: signal="socket.backpressure" tick=1684 bound=500 paused_ms=0 resumes=68
2026-09-22T18:47:13.447119Z  INFO stream::session: signal="socket.backpressure" tick=1716 bound=500 paused_ms=0 resumes=69
2026-09-22T18:47:13.447261Z  INFO stream::session: signal="socket.backpressure" tick=1717 bound=500 paused_ms=0 resumes=70
2026-09-22T18:47:13.447342Z  INFO stream::session: signal="socket.backpressure" tick=1748 bound=500 paused_ms=0 resumes=71
2026-09-22T18:47:13.447458Z  INFO stream::session: signal="socket.backpressure" tick=1749 bound=500 paused_ms=0 resumes=72
2026-09-22T18:47:13.447532Z  INFO stream::session: signal="socket.backpressure" tick=1750 bound=500 paused_ms=0 resumes=73
2026-09-22T18:47:13.447549Z  INFO stream::session: signal="socket.backpressure" tick=1751 bound=500 paused_ms=0 resumes=74
2026-09-22T18:47:13.447657Z  INFO stream::session: signal="socket.backpressure" tick=1752 bound=500 paused_ms=0 resumes=75
2026-09-22T18:47:13.447732Z  INFO stream::session: signal="socket.backpressure" tick=1753 bound=500 paused_ms=0 resumes=76
2026-09-22T18:47:13.448063Z  INFO stream::session: signal="socket.backpressure" tick=1780 bound=500 paused_ms=0 resumes=77
2026-09-22T18:47:13.448267Z  INFO stream::session: signal="socket.backpressure" tick=1781 bound=500 paused_ms=0 resumes=78
2026-09-22T18:47:13.448321Z  INFO stream::session: signal="socket.backpressure" tick=1782 bound=500 paused_ms=0 resumes=79
2026-09-22T18:47:13.448370Z  INFO stream::session: signal="socket.backpressure" tick=1783 bound=500 paused_ms=0 resumes=80
2026-09-22T18:47:13.448476Z  INFO stream::session: signal="socket.backpressure" tick=1784 bound=500 paused_ms=0 resumes=81
2026-09-22T18:47:13.448794Z  INFO stream::session: signal="socket.backpressure" tick=1812 bound=500 paused_ms=0 resumes=82
2026-09-22T18:47:13.448876Z  INFO stream::session: signal="socket.backpressure" tick=1813 bound=500 paused_ms=0 resumes=83
2026-09-22T18:47:13.450391Z  INFO stream::session: signal="socket.backpressure" tick=1814 bound=500 paused_ms=1 resumes=84
2026-09-22T18:47:13.450414Z  INFO stream::session: signal="socket.backpressure" tick=1815 bound=500 paused_ms=0 resumes=85
2026-09-22T18:47:13.450427Z  INFO stream::session: signal="socket.backpressure" tick=1816 bound=500 paused_ms=0 resumes=86
2026-09-22T18:47:13.450440Z  INFO stream::session: signal="socket.backpressure" tick=1817 bound=500 paused_ms=0 resumes=87
2026-09-22T18:47:13.450452Z  INFO stream::session: signal="socket.backpressure" tick=1818 bound=500 paused_ms=0 resumes=88
2026-09-22T18:47:13.450621Z  INFO stream::session: signal="socket.backpressure" tick=1908 bound=500 paused_ms=0 resumes=89
2026-09-22T18:47:13.450744Z  INFO stream::session: signal="socket.backpressure" tick=1909 bound=500 paused_ms=0 resumes=90
2026-09-22T18:47:13.450877Z  INFO stream::session: signal="socket.backpressure" tick=1910 bound=500 paused_ms=0 resumes=91
2026-09-22T18:47:13.450979Z  INFO stream::session: signal="socket.backpressure" tick=1911 bound=500 paused_ms=0 resumes=92
2026-09-22T18:47:13.451363Z  INFO stream::session: signal="socket.backpressure" tick=1940 bound=500 paused_ms=0 resumes=93
2026-09-22T18:47:13.451520Z  INFO stream::session: signal="socket.backpressure" tick=1941 bound=500 paused_ms=0 resumes=94
2026-09-22T18:47:13.452111Z  INFO stream::session: signal="socket.backpressure" tick=1942 bound=500 paused_ms=0 resumes=95
2026-09-22T18:47:13.456389Z  INFO stream::session: signal="socket.backpressure" tick=1943 bound=500 paused_ms=4 resumes=96
2026-09-22T18:47:13.456466Z  INFO stream::session: signal="socket.backpressure" tick=1944 bound=500 paused_ms=0 resumes=97
2026-09-22T18:47:13.456547Z  INFO stream::session: signal="socket.backpressure" tick=1972 bound=500 paused_ms=0 resumes=98
2026-09-22T18:47:13.456649Z  INFO stream::session: signal="socket.backpressure" tick=1973 bound=500 paused_ms=0 resumes=99
2026-09-22T18:47:13.456759Z  INFO stream::session: signal="socket.backpressure" tick=1974 bound=500 paused_ms=0 resumes=100
2026-09-22T18:47:13.456877Z  INFO stream::session: signal="socket.backpressure" tick=1975 bound=500 paused_ms=0 resumes=101
2026-09-22T18:47:13.457124Z  INFO stream::session: signal="socket.backpressure" tick=1976 bound=500 paused_ms=0 resumes=102
2026-09-22T18:47:13.457168Z  INFO stream::session: signal="socket.backpressure" tick=1977 bound=500 paused_ms=0 resumes=103
2026-09-22T18:47:13.457182Z  INFO stream::session: signal="socket.backpressure" tick=1978 bound=500 paused_ms=0 resumes=104
2026-09-22T18:47:13.457203Z  INFO stream::session: signal="socket.backpressure" tick=1979 bound=500 paused_ms=0 resumes=105
2026-09-22T18:47:13.457239Z  INFO stream::session: signal="socket.backpressure" tick=1980 bound=500 paused_ms=0 resumes=106
2026-09-22T18:47:13.457305Z  INFO stream::session: signal="socket.backpressure" tick=1981 bound=500 paused_ms=0 resumes=107
2026-09-22T18:47:13.458049Z  INFO stream::session: signal="socket.backpressure" tick=2004 bound=500 paused_ms=0 resumes=108
2026-09-22T18:47:13.458122Z  INFO stream::session: signal="socket.backpressure" tick=2005 bound=500 paused_ms=0 resumes=109
2026-09-22T18:47:13.458196Z  INFO stream::session: signal="socket.backpressure" tick=2006 bound=500 paused_ms=0 resumes=110
2026-09-22T18:47:13.458259Z  INFO stream::session: signal="socket.backpressure" tick=2007 bound=500 paused_ms=0 resumes=111
2026-09-22T18:47:13.458586Z  INFO stream::session: signal="socket.backpressure" tick=2036 bound=500 paused_ms=0 resumes=112
2026-09-22T18:47:13.459841Z  INFO stream::session: signal="socket.backpressure" tick=2068 bound=500 paused_ms=1 resumes=113
2026-09-22T18:47:13.460142Z  INFO stream::session: signal="socket.backpressure" tick=2069 bound=500 paused_ms=0 resumes=114
2026-09-22T18:47:13.460163Z  INFO stream::session: signal="socket.backpressure" tick=2070 bound=500 paused_ms=0 resumes=115
2026-09-22T18:47:13.460176Z  INFO stream::session: signal="socket.backpressure" tick=2071 bound=500 paused_ms=0 resumes=116
2026-09-22T18:47:13.460188Z  INFO stream::session: signal="socket.backpressure" tick=2072 bound=500 paused_ms=0 resumes=117
2026-09-22T18:47:13.460200Z  INFO stream::session: signal="socket.backpressure" tick=2073 bound=500 paused_ms=0 resumes=118
2026-09-22T18:47:13.460215Z  INFO stream::session: signal="socket.backpressure" tick=2074 bound=500 paused_ms=0 resumes=119
2026-09-22T18:47:13.460282Z  INFO stream::session: signal="socket.backpressure" tick=2075 bound=500 paused_ms=0 resumes=120
2026-09-22T18:47:13.460369Z  INFO stream::session: signal="socket.backpressure" tick=2100 bound=500 paused_ms=0 resumes=121
2026-09-22T18:47:13.460472Z  INFO stream::session: signal="socket.backpressure" tick=2101 bound=500 paused_ms=0 resumes=122
2026-09-22T18:47:13.460570Z  INFO stream::session: signal="socket.backpressure" tick=2102 bound=500 paused_ms=0 resumes=123
2026-09-22T18:47:13.460612Z  INFO stream::session: signal="socket.backpressure" tick=2103 bound=500 paused_ms=0 resumes=124
2026-09-22T18:47:13.460733Z  INFO stream::session: signal="socket.backpressure" tick=2104 bound=500 paused_ms=0 resumes=125
2026-09-22T18:47:13.460819Z  INFO stream::session: signal="socket.backpressure" tick=2105 bound=500 paused_ms=0 resumes=126
2026-09-22T18:47:13.460853Z  INFO stream::session: signal="socket.backpressure" tick=2106 bound=500 paused_ms=0 resumes=127
2026-09-22T18:47:13.460872Z  INFO stream::session: signal="socket.backpressure" tick=2107 bound=500 paused_ms=0 resumes=128
2026-09-22T18:47:13.460885Z  INFO stream::session: signal="socket.backpressure" tick=2108 bound=500 paused_ms=0 resumes=129
2026-09-22T18:47:13.460951Z  INFO stream::session: signal="socket.backpressure" tick=2132 bound=500 paused_ms=0 resumes=130
2026-09-22T18:47:13.461121Z  INFO stream::session: signal="socket.backpressure" tick=2164 bound=500 paused_ms=0 resumes=131
2026-09-22T18:47:13.461726Z  INFO stream::session: signal="socket.backpressure" tick=2165 bound=500 paused_ms=0 resumes=132
2026-09-22T18:47:13.461753Z  INFO stream::session: signal="socket.backpressure" tick=2166 bound=500 paused_ms=0 resumes=133
2026-09-22T18:47:13.462125Z  INFO stream::session: signal="socket.backpressure" tick=2196 bound=500 paused_ms=0 resumes=134
2026-09-22T18:47:13.462163Z  INFO stream::session: signal="socket.backpressure" tick=2197 bound=500 paused_ms=0 resumes=135
2026-09-22T18:47:13.462184Z  INFO stream::session: signal="socket.backpressure" tick=2198 bound=500 paused_ms=0 resumes=136
2026-09-22T18:47:13.462196Z  INFO stream::session: signal="socket.backpressure" tick=2199 bound=500 paused_ms=0 resumes=137
2026-09-22T18:47:13.462202Z  INFO stream::session: signal="socket.backpressure" tick=2200 bound=500 paused_ms=0 resumes=138
2026-09-22T18:47:13.462257Z  INFO stream::session: signal="socket.backpressure" tick=2228 bound=500 paused_ms=0 resumes=139
2026-09-22T18:47:13.462820Z  INFO stream::session: signal="socket.backpressure" tick=2229 bound=500 paused_ms=0 resumes=140
2026-09-22T18:47:13.462988Z  INFO stream::session: signal="socket.backpressure" tick=2260 bound=500 paused_ms=0 resumes=141
2026-09-22T18:47:13.463274Z  INFO stream::session: signal="socket.backpressure" tick=2292 bound=500 paused_ms=0 resumes=142
2026-09-22T18:47:13.463402Z  INFO stream::session: signal="socket.backpressure" tick=2293 bound=500 paused_ms=0 resumes=143
2026-09-22T18:47:13.463601Z  INFO stream::session: signal="socket.backpressure" tick=2294 bound=500 paused_ms=0 resumes=144
2026-09-22T18:47:13.463700Z  INFO stream::session: signal="socket.backpressure" tick=2295 bound=500 paused_ms=0 resumes=145
2026-09-22T18:47:13.463903Z  INFO stream::session: signal="socket.backpressure" tick=2324 bound=500 paused_ms=0 resumes=146
2026-09-22T18:47:13.464000Z  INFO stream::session: signal="socket.backpressure" tick=2325 bound=500 paused_ms=0 resumes=147
2026-09-22T18:47:13.464066Z  INFO stream::session: signal="socket.backpressure" tick=2326 bound=500 paused_ms=0 resumes=148
2026-09-22T18:47:13.464140Z  INFO stream::session: signal="socket.backpressure" tick=2327 bound=500 paused_ms=0 resumes=149
2026-09-22T18:47:13.464221Z  INFO stream::session: signal="socket.backpressure" tick=2328 bound=500 paused_ms=0 resumes=150
2026-09-22T18:47:13.464299Z  INFO stream::session: signal="socket.backpressure" tick=2329 bound=500 paused_ms=0 resumes=151
2026-09-22T18:47:13.465180Z  INFO stream::session: signal="socket.backpressure" tick=2330 bound=500 paused_ms=0 resumes=152
2026-09-22T18:47:13.465355Z  INFO stream::session: signal="socket.backpressure" tick=2331 bound=500 paused_ms=0 resumes=153
2026-09-22T18:47:13.465443Z  INFO stream::session: signal="socket.backpressure" tick=2332 bound=500 paused_ms=0 resumes=154
2026-09-22T18:47:13.465678Z  INFO stream::session: signal="socket.backpressure" tick=2333 bound=500 paused_ms=0 resumes=155
2026-09-22T18:47:13.465745Z  INFO stream::session: signal="socket.backpressure" tick=2334 bound=500 paused_ms=0 resumes=156
2026-09-22T18:47:13.465762Z  INFO stream::session: signal="socket.backpressure" tick=2335 bound=500 paused_ms=0 resumes=157
2026-09-22T18:47:13.465775Z  INFO stream::session: signal="socket.backpressure" tick=2336 bound=500 paused_ms=0 resumes=158
2026-09-22T18:47:13.465787Z  INFO stream::session: signal="socket.backpressure" tick=2337 bound=500 paused_ms=0 resumes=159
2026-09-22T18:47:13.465799Z  INFO stream::session: signal="socket.backpressure" tick=2338 bound=500 paused_ms=0 resumes=160
2026-09-22T18:47:13.465811Z  INFO stream::session: signal="socket.backpressure" tick=2339 bound=500 paused_ms=0 resumes=161
2026-09-22T18:47:13.465819Z  INFO stream::session: signal="socket.backpressure" tick=2340 bound=500 paused_ms=0 resumes=162
2026-09-22T18:47:13.465824Z  INFO stream::session: signal="socket.backpressure" tick=2341 bound=500 paused_ms=0 resumes=163
2026-09-22T18:47:13.465890Z  INFO stream::session: signal="socket.backpressure" tick=2356 bound=500 paused_ms=0 resumes=164
2026-09-22T18:47:13.466166Z  INFO stream::session: signal="socket.backpressure" tick=2388 bound=500 paused_ms=0 resumes=165
2026-09-22T18:47:13.466203Z  INFO stream::session: signal="socket.backpressure" tick=2389 bound=500 paused_ms=0 resumes=166
2026-09-22T18:47:13.466707Z  INFO stream::session: signal="socket.backpressure" tick=2390 bound=500 paused_ms=0 resumes=167
2026-09-22T18:47:13.466766Z  INFO stream::session: signal="socket.backpressure" tick=2391 bound=500 paused_ms=0 resumes=168
2026-09-22T18:47:13.466856Z  INFO stream::session: signal="socket.backpressure" tick=2420 bound=500 paused_ms=0 resumes=169
2026-09-22T18:47:13.467127Z  INFO stream::session: signal="socket.backpressure" tick=2452 bound=500 paused_ms=0 resumes=170
2026-09-22T18:47:13.467187Z  INFO stream::session: signal="socket.backpressure" tick=2453 bound=500 paused_ms=0 resumes=171
2026-09-22T18:47:13.467240Z  INFO stream::session: signal="socket.backpressure" tick=2454 bound=500 paused_ms=0 resumes=172
2026-09-22T18:47:13.467346Z  INFO stream::session: signal="socket.backpressure" tick=2455 bound=500 paused_ms=0 resumes=173
2026-09-22T18:47:13.467422Z  INFO stream::session: signal="socket.backpressure" tick=2456 bound=500 paused_ms=0 resumes=174
2026-09-22T18:47:13.467517Z  INFO stream::session: signal="socket.backpressure" tick=2484 bound=500 paused_ms=0 resumes=175
2026-09-22T18:47:13.467785Z  INFO stream::session: signal="socket.backpressure" tick=2485 bound=500 paused_ms=0 resumes=176
2026-09-22T18:47:13.467825Z  INFO stream::session: signal="socket.backpressure" tick=2486 bound=500 paused_ms=0 resumes=177
2026-09-22T18:47:13.467866Z  INFO stream::session: signal="socket.backpressure" tick=2487 bound=500 paused_ms=0 resumes=178
2026-09-22T18:47:13.467961Z  INFO stream::session: signal="socket.backpressure" tick=2516 bound=500 paused_ms=0 resumes=179
2026-09-22T18:47:13.468087Z  INFO stream::session: signal="socket.backpressure" tick=2517 bound=500 paused_ms=0 resumes=180
2026-09-22T18:47:13.468151Z  INFO stream::session: signal="socket.backpressure" tick=2518 bound=500 paused_ms=0 resumes=181
2026-09-22T18:47:13.468183Z  INFO stream::session: signal="socket.backpressure" tick=2519 bound=500 paused_ms=0 resumes=182
2026-09-22T18:47:13.469537Z  INFO stream::session: signal="socket.backpressure" tick=2548 bound=500 paused_ms=1 resumes=183
2026-09-22T18:47:13.469629Z  INFO stream::session: signal="socket.backpressure" tick=2549 bound=500 paused_ms=0 resumes=184
2026-09-22T18:47:13.469667Z  INFO stream::session: signal="socket.backpressure" tick=2550 bound=500 paused_ms=0 resumes=185
2026-09-22T18:47:13.469788Z  INFO stream::session: signal="socket.backpressure" tick=2551 bound=500 paused_ms=0 resumes=186
2026-09-22T18:47:13.469957Z  INFO stream::session: signal="socket.backpressure" tick=2552 bound=500 paused_ms=0 resumes=187
2026-09-22T18:47:13.470050Z  INFO stream::session: signal="socket.backpressure" tick=2553 bound=500 paused_ms=0 resumes=188
2026-09-22T18:47:13.470093Z  INFO stream::session: signal="socket.backpressure" tick=2554 bound=500 paused_ms=0 resumes=189
2026-09-22T18:47:13.473345Z  INFO stream::session: signal="socket.backpressure" tick=3551 bound=500 paused_ms=1 resumes=190
2026-09-22T18:47:13.473415Z  INFO stream::session: signal="socket.backpressure" tick=3552 bound=500 paused_ms=0 resumes=191
2026-09-22T18:47:13.473480Z  INFO stream::session: signal="socket.backpressure" tick=3553 bound=500 paused_ms=0 resumes=192
2026-09-22T18:47:13.473826Z  INFO stream::session: signal="socket.backpressure" tick=3554 bound=500 paused_ms=0 resumes=193
2026-09-22T18:47:13.480763Z  INFO stream::session: signal="socket.backpressure" tick=4126 bound=500 paused_ms=5 resumes=194
2026-09-22T18:47:13.480784Z  INFO stream::session: signal="socket.backpressure" tick=4127 bound=500 paused_ms=0 resumes=195
2026-09-22T18:47:13.480804Z  INFO stream::session: signal="socket.backpressure" tick=4128 bound=500 paused_ms=0 resumes=196
2026-09-22T18:47:13.480830Z  INFO stream::session: signal="socket.backpressure" tick=4129 bound=500 paused_ms=0 resumes=197
2026-09-22T18:47:13.480901Z  INFO stream::session: signal="socket.backpressure" tick=4158 bound=500 paused_ms=0 resumes=198
2026-09-22T18:47:13.480923Z  INFO stream::session: signal="socket.backpressure" tick=4159 bound=500 paused_ms=0 resumes=199
2026-09-22T18:47:13.480936Z  INFO stream::session: signal="socket.backpressure" tick=4160 bound=500 paused_ms=0 resumes=200
2026-09-22T18:47:13.480948Z  INFO stream::session: signal="socket.backpressure" tick=4161 bound=500 paused_ms=0 resumes=201
2026-09-22T18:47:13.480960Z  INFO stream::session: signal="socket.backpressure" tick=4162 bound=500 paused_ms=0 resumes=202
2026-09-22T18:47:13.480978Z  INFO stream::session: signal="socket.backpressure" tick=4163 bound=500 paused_ms=0 resumes=203
2026-09-22T18:47:13.481008Z  INFO stream::session: signal="socket.backpressure" tick=4164 bound=500 paused_ms=0 resumes=204
2026-09-22T18:47:13.481071Z  INFO stream::session: signal="socket.backpressure" tick=4165 bound=500 paused_ms=0 resumes=205
2026-09-22T18:47:13.481223Z  INFO stream::session: signal="socket.backpressure" tick=4190 bound=500 paused_ms=0 resumes=206
2026-09-22T18:47:13.481232Z  INFO stream::session: signal="socket.backpressure" tick=4191 bound=500 paused_ms=0 resumes=207
2026-09-22T18:47:13.481307Z  INFO stream::session: signal="socket.backpressure" tick=4222 bound=500 paused_ms=0 resumes=208
2026-09-22T18:47:13.481421Z  INFO stream::session: signal="socket.backpressure" tick=4254 bound=500 paused_ms=0 resumes=209
2026-09-22T18:47:13.481457Z  INFO stream::session: signal="socket.backpressure" tick=4255 bound=500 paused_ms=0 resumes=210
2026-09-22T18:47:13.481481Z  INFO stream::session: signal="socket.backpressure" tick=4256 bound=500 paused_ms=0 resumes=211
2026-09-22T18:47:13.481503Z  INFO stream::session: signal="socket.backpressure" tick=4257 bound=500 paused_ms=0 resumes=212
2026-09-22T18:47:13.481524Z  INFO stream::session: signal="socket.backpressure" tick=4258 bound=500 paused_ms=0 resumes=213
2026-09-22T18:47:13.481547Z  INFO stream::session: signal="socket.backpressure" tick=4259 bound=500 paused_ms=0 resumes=214
2026-09-22T18:47:13.481574Z  INFO stream::session: signal="socket.backpressure" tick=4260 bound=500 paused_ms=0 resumes=215
2026-09-22T18:47:13.481679Z  INFO stream::session: signal="socket.backpressure" tick=4286 bound=500 paused_ms=0 resumes=216
2026-09-22T18:47:13.481862Z  INFO stream::session: signal="socket.backpressure" tick=4287 bound=500 paused_ms=0 resumes=217
2026-09-22T18:47:13.481913Z  INFO stream::session: signal="socket.backpressure" tick=4288 bound=500 paused_ms=0 resumes=218
2026-09-22T18:47:13.482177Z  INFO stream::session: signal="socket.backpressure" tick=4333 bound=500 paused_ms=0 resumes=219
2026-09-22T18:47:13.482365Z  INFO stream::session: signal="socket.backpressure" tick=4334 bound=500 paused_ms=0 resumes=220
2026-09-22T18:47:13.483026Z  INFO stream::session: signal="socket.backpressure" tick=4472 bound=500 paused_ms=0 resumes=221
2026-09-22T18:47:13.483177Z  INFO stream::session: signal="socket.backpressure" tick=4473 bound=500 paused_ms=0 resumes=222
2026-09-22T18:47:13.483303Z  INFO stream::session: signal="socket.backpressure" tick=4474 bound=500 paused_ms=0 resumes=223
2026-09-22T18:47:13.483352Z  INFO stream::session: signal="socket.backpressure" tick=4475 bound=500 paused_ms=0 resumes=224
2026-09-22T18:47:13.483387Z  INFO stream::session: signal="socket.backpressure" tick=4476 bound=500 paused_ms=0 resumes=225
2026-09-22T18:47:13.483769Z  INFO stream::session: signal="socket.backpressure" tick=4477 bound=500 paused_ms=0 resumes=226
2026-09-22T18:47:13.483983Z  INFO stream::session: signal="socket.backpressure" tick=4478 bound=500 paused_ms=0 resumes=227
2026-09-22T18:47:13.484133Z  INFO stream::session: signal="socket.backpressure" tick=4479 bound=500 paused_ms=0 resumes=228
2026-09-22T18:47:13.484258Z  INFO stream::session: signal="socket.backpressure" tick=4480 bound=500 paused_ms=0 resumes=229
2026-09-22T18:47:13.484451Z  INFO stream::session: signal="socket.backpressure" tick=4481 bound=500 paused_ms=0 resumes=230
2026-09-22T18:47:13.484553Z  INFO stream::session: signal="socket.backpressure" tick=4482 bound=500 paused_ms=0 resumes=231
2026-09-22T18:47:13.484840Z  INFO stream::session: signal="socket.backpressure" tick=4510 bound=500 paused_ms=0 resumes=232
2026-09-22T18:47:13.484984Z  INFO stream::session: signal="socket.backpressure" tick=4542 bound=500 paused_ms=0 resumes=233
2026-09-22T18:47:13.485952Z  INFO stream::session: signal="socket.backpressure" tick=4543 bound=500 paused_ms=0 resumes=234
2026-09-22T18:47:13.486048Z  INFO stream::session: signal="socket.backpressure" tick=4544 bound=500 paused_ms=0 resumes=235
2026-09-22T18:47:13.486251Z  INFO stream::session: signal="socket.backpressure" tick=4574 bound=500 paused_ms=0 resumes=236
2026-09-22T18:47:13.486361Z  INFO stream::session: signal="socket.backpressure" tick=4575 bound=500 paused_ms=0 resumes=237
2026-09-22T18:47:13.486410Z  INFO stream::session: signal="socket.backpressure" tick=4593 bound=500 paused_ms=0 resumes=238
2026-09-22T18:47:13.486465Z  INFO stream::session: signal="socket.backpressure" tick=4594 bound=500 paused_ms=0 resumes=239
2026-09-22T18:47:13.486578Z  INFO stream::session: signal="socket.backpressure" tick=4606 bound=500 paused_ms=0 resumes=240
2026-09-22T18:47:13.486642Z  INFO stream::session: signal="socket.backpressure" tick=4607 bound=500 paused_ms=0 resumes=241
2026-09-22T18:47:13.486743Z  INFO stream::session: signal="socket.backpressure" tick=4638 bound=500 paused_ms=0 resumes=242
2026-09-22T18:47:13.486841Z  INFO stream::session: signal="socket.backpressure" tick=4639 bound=500 paused_ms=0 resumes=243
2026-09-22T18:47:13.486945Z  INFO stream::session: signal="socket.backpressure" tick=4640 bound=500 paused_ms=0 resumes=244
2026-09-22T18:47:13.487011Z  INFO stream::session: signal="socket.backpressure" tick=4641 bound=500 paused_ms=0 resumes=245
2026-09-22T18:47:13.487054Z  INFO stream::session: signal="socket.backpressure" tick=4642 bound=500 paused_ms=0 resumes=246
2026-09-22T18:47:13.487147Z  INFO stream::session: signal="socket.backpressure" tick=4670 bound=500 paused_ms=0 resumes=247
2026-09-22T18:47:13.487308Z  INFO stream::session: signal="socket.backpressure" tick=4692 bound=500 paused_ms=0 resumes=248
2026-09-22T18:47:13.487368Z  INFO stream::session: signal="socket.backpressure" tick=4693 bound=500 paused_ms=0 resumes=249
2026-09-22T18:47:13.487394Z  INFO stream::session: signal="socket.backpressure" tick=4694 bound=500 paused_ms=0 resumes=250
2026-09-22T18:47:13.487410Z  INFO stream::session: signal="socket.backpressure" tick=4695 bound=500 paused_ms=0 resumes=251
2026-09-22T18:47:13.487470Z  INFO stream::session: signal="socket.backpressure" tick=4696 bound=500 paused_ms=0 resumes=252
2026-09-22T18:47:13.487513Z  INFO stream::session: signal="socket.backpressure" tick=4697 bound=500 paused_ms=0 resumes=253
2026-09-22T18:47:13.487589Z  INFO stream::session: signal="socket.backpressure" tick=4702 bound=500 paused_ms=0 resumes=254
2026-09-22T18:47:13.487703Z  INFO stream::session: signal="socket.backpressure" tick=4703 bound=500 paused_ms=0 resumes=255
2026-09-22T18:47:13.487763Z  INFO stream::session: signal="socket.backpressure" tick=4704 bound=500 paused_ms=0 resumes=256
2026-09-22T18:47:13.487807Z  INFO stream::session: signal="socket.backpressure" tick=4705 bound=500 paused_ms=0 resumes=257
2026-09-22T18:47:13.487864Z  INFO stream::session: signal="socket.backpressure" tick=4706 bound=500 paused_ms=0 resumes=258
2026-09-22T18:47:13.487956Z  INFO stream::session: signal="socket.backpressure" tick=4734 bound=500 paused_ms=0 resumes=259
2026-09-22T18:47:13.488077Z  INFO stream::session: signal="socket.backpressure" tick=4735 bound=500 paused_ms=0 resumes=260
2026-09-22T18:47:13.488397Z  INFO stream::session: signal="socket.backpressure" tick=4766 bound=500 paused_ms=0 resumes=261
2026-09-22T18:47:13.488593Z  INFO stream::session: signal="socket.backpressure" tick=4767 bound=500 paused_ms=0 resumes=262
2026-09-22T18:47:13.488698Z  INFO stream::session: signal="socket.backpressure" tick=4798 bound=500 paused_ms=0 resumes=263
2026-09-22T18:47:13.488728Z  INFO stream::session: signal="socket.backpressure" tick=4799 bound=500 paused_ms=0 resumes=264
2026-09-22T18:47:13.489113Z  INFO stream::session: signal="socket.backpressure" tick=4830 bound=500 paused_ms=0 resumes=265
2026-09-22T18:47:13.489183Z  INFO stream::session: signal="socket.backpressure" tick=4831 bound=500 paused_ms=0 resumes=266
2026-09-22T18:47:13.489340Z  INFO stream::session: signal="socket.backpressure" tick=4862 bound=500 paused_ms=0 resumes=267
2026-09-22T18:47:13.489511Z  INFO stream::session: signal="socket.backpressure" tick=4863 bound=500 paused_ms=0 resumes=268
2026-09-22T18:47:13.489588Z  INFO stream::session: signal="socket.backpressure" tick=4864 bound=500 paused_ms=0 resumes=269
2026-09-22T18:47:13.489706Z  INFO stream::session: signal="socket.backpressure" tick=4865 bound=500 paused_ms=0 resumes=270
2026-09-22T18:47:13.489758Z  INFO stream::session: signal="socket.backpressure" tick=4866 bound=500 paused_ms=0 resumes=271
2026-09-22T18:47:13.489809Z  INFO stream::session: signal="socket.backpressure" tick=4867 bound=500 paused_ms=0 resumes=272
2026-09-22T18:47:13.489855Z  INFO stream::session: signal="socket.backpressure" tick=4874 bound=500 paused_ms=0 resumes=273
2026-09-22T18:47:13.489881Z  INFO stream::session: signal="socket.backpressure" tick=4875 bound=500 paused_ms=0 resumes=274
2026-09-22T18:47:13.489965Z  INFO stream::session: signal="socket.backpressure" tick=4894 bound=500 paused_ms=0 resumes=275
2026-09-22T18:47:13.490169Z  INFO stream::session: signal="socket.backpressure" tick=4926 bound=500 paused_ms=0 resumes=276
2026-09-22T18:47:13.490273Z  INFO stream::session: signal="socket.backpressure" tick=4927 bound=500 paused_ms=0 resumes=277
2026-09-22T18:47:13.490300Z  INFO stream::session: signal="socket.backpressure" tick=4928 bound=500 paused_ms=0 resumes=278
2026-09-22T18:47:13.490802Z  INFO stream::session: signal="socket.backpressure" tick=5022 bound=500 paused_ms=0 resumes=279
2026-09-22T18:47:13.490915Z  INFO stream::session: signal="socket.backpressure" tick=5023 bound=500 paused_ms=0 resumes=280
2026-09-22T18:47:13.490944Z  INFO stream::session: signal="socket.backpressure" tick=5024 bound=500 paused_ms=0 resumes=281
2026-09-22T18:47:13.491072Z  INFO stream::session: signal="socket.backpressure" tick=5054 bound=500 paused_ms=0 resumes=282
2026-09-22T18:47:13.491198Z  INFO stream::session: signal="socket.backpressure" tick=5055 bound=500 paused_ms=0 resumes=283
2026-09-22T18:47:13.491253Z  INFO stream::session: signal="socket.backpressure" tick=5056 bound=500 paused_ms=0 resumes=284
2026-09-22T18:47:13.491325Z  INFO stream::session: signal="socket.backpressure" tick=5057 bound=500 paused_ms=0 resumes=285
2026-09-22T18:47:13.491467Z  INFO stream::session: signal="socket.backpressure" tick=5058 bound=500 paused_ms=0 resumes=286
2026-09-22T18:47:13.491512Z  INFO stream::session: signal="socket.backpressure" tick=5059 bound=500 paused_ms=0 resumes=287
2026-09-22T18:47:13.491641Z  INFO stream::session: signal="socket.backpressure" tick=5086 bound=500 paused_ms=0 resumes=288
2026-09-22T18:47:13.491813Z  INFO stream::session: signal="socket.backpressure" tick=5118 bound=500 paused_ms=0 resumes=289
2026-09-22T18:47:13.491951Z  INFO stream::session: signal="socket.backpressure" tick=5119 bound=500 paused_ms=0 resumes=290
2026-09-22T18:47:13.492055Z  INFO stream::session: signal="socket.backpressure" tick=5150 bound=500 paused_ms=0 resumes=291
2026-09-22T18:47:13.492128Z  INFO stream::session: signal="socket.backpressure" tick=5151 bound=500 paused_ms=0 resumes=292
2026-09-22T18:47:13.492165Z  INFO stream::session: signal="socket.backpressure" tick=5152 bound=500 paused_ms=0 resumes=293
2026-09-22T18:47:13.492183Z  INFO stream::session: signal="socket.backpressure" tick=5153 bound=500 paused_ms=0 resumes=294
2026-09-22T18:47:13.492210Z  INFO stream::session: signal="socket.backpressure" tick=5154 bound=500 paused_ms=0 resumes=295
2026-09-22T18:47:13.492701Z  INFO stream::session: signal="socket.backpressure" tick=5155 bound=500 paused_ms=0 resumes=296
2026-09-22T18:47:13.492735Z  INFO stream::session: signal="socket.backpressure" tick=5156 bound=500 paused_ms=0 resumes=297
2026-09-22T18:47:13.493023Z  INFO stream::session: signal="socket.backpressure" tick=5157 bound=500 paused_ms=0 resumes=298
2026-09-22T18:47:13.493806Z  INFO stream::session: signal="socket.backpressure" tick=5158 bound=500 paused_ms=0 resumes=299
2026-09-22T18:47:13.494180Z  INFO stream::session: signal="socket.backpressure" tick=5159 bound=500 paused_ms=0 resumes=300
2026-09-22T18:47:13.494544Z  INFO stream::session: signal="socket.backpressure" tick=5160 bound=500 paused_ms=0 resumes=301
2026-09-22T18:47:13.495042Z  INFO stream::session: signal="socket.backpressure" tick=5161 bound=500 paused_ms=0 resumes=302
2026-09-22T18:47:13.495363Z  INFO stream::session: signal="socket.backpressure" tick=5162 bound=500 paused_ms=0 resumes=303
2026-09-22T18:47:13.495469Z  INFO stream::session: signal="socket.backpressure" tick=5163 bound=500 paused_ms=0 resumes=304
2026-09-22T18:47:13.495540Z  INFO stream::session: signal="socket.backpressure" tick=5164 bound=500 paused_ms=0 resumes=305
2026-09-22T18:47:13.495892Z  INFO stream::session: signal="socket.backpressure" tick=5165 bound=500 paused_ms=0 resumes=306
2026-09-22T18:47:13.496258Z  INFO stream::session: signal="socket.backpressure" tick=5166 bound=500 paused_ms=0 resumes=307
2026-09-22T18:47:13.496355Z  INFO stream::session: signal="socket.backpressure" tick=5167 bound=500 paused_ms=0 resumes=308
2026-09-22T18:47:13.496789Z  INFO stream::session: signal="socket.backpressure" tick=5168 bound=500 paused_ms=0 resumes=309
2026-09-22T18:47:13.497124Z  INFO stream::session: signal="socket.backpressure" tick=5169 bound=500 paused_ms=0 resumes=310
2026-09-22T18:47:13.497251Z  INFO stream::session: signal="socket.backpressure" tick=5170 bound=500 paused_ms=0 resumes=311
2026-09-22T18:47:13.497389Z  INFO stream::session: signal="socket.backpressure" tick=5171 bound=500 paused_ms=0 resumes=312
2026-09-22T18:47:13.497688Z  INFO stream::session: signal="socket.backpressure" tick=5172 bound=500 paused_ms=0 resumes=313
2026-09-22T18:47:13.497786Z  INFO stream::session: signal="socket.backpressure" tick=5173 bound=500 paused_ms=0 resumes=314
2026-09-22T18:47:13.497845Z  INFO stream::session: signal="socket.backpressure" tick=5174 bound=500 paused_ms=0 resumes=315
2026-09-22T18:47:13.497897Z  INFO stream::session: signal="socket.backpressure" tick=5175 bound=500 paused_ms=0 resumes=316
2026-09-22T18:47:13.497960Z  INFO stream::session: signal="socket.backpressure" tick=5176 bound=500 paused_ms=0 resumes=317
2026-09-22T18:47:13.497970Z  INFO stream::session: signal="socket.backpressure" tick=5177 bound=500 paused_ms=0 resumes=318
2026-09-22T18:47:13.498238Z  INFO stream::session: signal="socket.backpressure" tick=5182 bound=500 paused_ms=0 resumes=319
2026-09-22T18:47:13.498475Z  INFO stream::session: signal="socket.backpressure" tick=5183 bound=500 paused_ms=0 resumes=320
2026-09-22T18:47:13.498508Z  INFO stream::session: signal="socket.backpressure" tick=5184 bound=500 paused_ms=0 resumes=321
2026-09-22T18:47:13.498580Z  INFO stream::session: signal="socket.backpressure" tick=5185 bound=500 paused_ms=0 resumes=322
2026-09-22T18:47:13.498624Z  INFO stream::session: signal="socket.backpressure" tick=5186 bound=500 paused_ms=0 resumes=323
2026-09-22T18:47:13.498651Z  INFO stream::session: signal="socket.backpressure" tick=5187 bound=500 paused_ms=0 resumes=324
2026-09-22T18:47:13.498791Z  INFO stream::session: signal="socket.backpressure" tick=5188 bound=500 paused_ms=0 resumes=325
2026-09-22T18:47:13.498837Z  INFO stream::session: signal="socket.backpressure" tick=5189 bound=500 paused_ms=0 resumes=326
2026-09-22T18:47:13.498963Z  INFO stream::session: signal="socket.backpressure" tick=5190 bound=500 paused_ms=0 resumes=327
2026-09-22T18:47:13.498996Z  INFO stream::session: signal="socket.backpressure" tick=5191 bound=500 paused_ms=0 resumes=328
2026-09-22T18:47:13.499019Z  INFO stream::session: signal="socket.backpressure" tick=5192 bound=500 paused_ms=0 resumes=329
2026-09-22T18:47:13.499032Z  INFO stream::session: signal="socket.backpressure" tick=5193 bound=500 paused_ms=0 resumes=330
2026-09-22T18:47:13.499133Z  INFO stream::session: signal="socket.backpressure" tick=5194 bound=500 paused_ms=0 resumes=331
2026-09-22T18:47:13.499168Z  INFO stream::session: signal="socket.backpressure" tick=5195 bound=500 paused_ms=0 resumes=332
2026-09-22T18:47:13.499327Z  INFO stream::session: signal="socket.backpressure" tick=5196 bound=500 paused_ms=0 resumes=333
2026-09-22T18:47:13.499365Z  INFO stream::session: signal="socket.backpressure" tick=5197 bound=500 paused_ms=0 resumes=334
2026-09-22T18:47:13.499452Z  INFO stream::session: signal="socket.backpressure" tick=5214 bound=500 paused_ms=0 resumes=335
2026-09-22T18:47:13.499584Z  INFO stream::session: signal="socket.backpressure" tick=5215 bound=500 paused_ms=0 resumes=336
2026-09-22T18:47:13.499632Z  INFO stream::session: signal="socket.backpressure" tick=5216 bound=500 paused_ms=0 resumes=337
2026-09-22T18:47:13.499800Z  INFO stream::session: signal="socket.backpressure" tick=5246 bound=500 paused_ms=0 resumes=338
2026-09-22T18:47:13.499933Z  INFO stream::session: signal="socket.backpressure" tick=5247 bound=500 paused_ms=0 resumes=339
2026-09-22T18:47:13.499993Z  INFO stream::session: signal="socket.backpressure" tick=5248 bound=500 paused_ms=0 resumes=340
2026-09-22T18:47:13.500081Z  INFO stream::session: signal="socket.backpressure" tick=5249 bound=500 paused_ms=0 resumes=341
2026-09-22T18:47:13.500171Z  INFO stream::session: signal="socket.backpressure" tick=5278 bound=500 paused_ms=0 resumes=342
2026-09-22T18:47:13.500278Z  INFO stream::session: signal="socket.backpressure" tick=5279 bound=500 paused_ms=0 resumes=343
2026-09-22T18:47:13.500594Z  INFO stream::session: signal="socket.backpressure" tick=5310 bound=500 paused_ms=0 resumes=344
2026-09-22T18:47:13.500635Z  INFO stream::session: signal="socket.backpressure" tick=5311 bound=500 paused_ms=0 resumes=345
2026-09-22T18:47:13.500792Z  INFO stream::session: signal="socket.backpressure" tick=5342 bound=500 paused_ms=0 resumes=346
2026-09-22T18:47:13.500818Z  INFO stream::session: signal="socket.backpressure" tick=5343 bound=500 paused_ms=0 resumes=347
2026-09-22T18:47:13.500839Z  INFO stream::session: signal="socket.backpressure" tick=5344 bound=500 paused_ms=0 resumes=348
2026-09-22T18:47:13.500856Z  INFO stream::session: signal="socket.backpressure" tick=5345 bound=500 paused_ms=0 resumes=349
2026-09-22T18:47:13.500961Z  INFO stream::session: signal="socket.backpressure" tick=5374 bound=500 paused_ms=0 resumes=350
2026-09-22T18:47:13.501016Z  INFO stream::session: signal="socket.backpressure" tick=5375 bound=500 paused_ms=0 resumes=351
2026-09-22T18:47:13.501160Z  INFO stream::session: signal="socket.backpressure" tick=5438 bound=500 paused_ms=0 resumes=352
2026-09-22T18:47:13.501220Z  INFO stream::session: signal="socket.backpressure" tick=5439 bound=500 paused_ms=0 resumes=353
2026-09-22T18:47:13.501616Z  INFO stream::session: signal="socket.backpressure" tick=5502 bound=500 paused_ms=0 resumes=354
2026-09-22T18:47:13.502325Z  INFO stream::session: signal="socket.backpressure" tick=5534 bound=500 paused_ms=0 resumes=355
2026-09-22T18:47:13.502570Z  INFO stream::session: signal="socket.backpressure" tick=5566 bound=500 paused_ms=0 resumes=356
2026-09-22T18:47:13.502682Z  INFO stream::session: signal="socket.backpressure" tick=5567 bound=500 paused_ms=0 resumes=357
2026-09-22T18:47:13.502912Z  INFO stream::session: signal="socket.backpressure" tick=5598 bound=500 paused_ms=0 resumes=358
2026-09-22T18:47:13.503025Z  INFO stream::session: signal="socket.backpressure" tick=5630 bound=500 paused_ms=0 resumes=359
2026-09-22T18:47:13.503126Z  INFO stream::session: signal="socket.backpressure" tick=5631 bound=500 paused_ms=0 resumes=360
2026-09-22T18:47:13.503171Z  INFO stream::session: signal="socket.backpressure" tick=5632 bound=500 paused_ms=0 resumes=361
2026-09-22T18:47:13.503198Z  INFO stream::session: signal="socket.backpressure" tick=5633 bound=500 paused_ms=0 resumes=362
2026-09-22T18:47:13.503270Z  INFO stream::session: signal="socket.backpressure" tick=5634 bound=500 paused_ms=0 resumes=363
2026-09-22T18:47:13.503358Z  INFO stream::session: signal="socket.backpressure" tick=5662 bound=500 paused_ms=0 resumes=364
2026-09-22T18:47:13.503424Z  INFO stream::session: signal="socket.backpressure" tick=5663 bound=500 paused_ms=0 resumes=365
2026-09-22T18:47:13.503486Z  INFO stream::session: signal="socket.backpressure" tick=5664 bound=500 paused_ms=0 resumes=366
2026-09-22T18:47:13.503598Z  INFO stream::session: signal="socket.backpressure" tick=5694 bound=500 paused_ms=0 resumes=367
2026-09-22T18:47:13.503670Z  INFO stream::session: signal="socket.backpressure" tick=5695 bound=500 paused_ms=0 resumes=368
2026-09-22T18:47:13.503749Z  INFO stream::session: signal="socket.backpressure" tick=5726 bound=500 paused_ms=0 resumes=369
2026-09-22T18:47:13.505754Z  INFO stream::session: signal="socket.backpressure" tick=6987 bound=500 paused_ms=0 resumes=370
2026-09-22T18:47:13.505809Z  INFO stream::session: signal="socket.backpressure" tick=6988 bound=500 paused_ms=0 resumes=371
2026-09-22T18:47:13.505868Z  INFO stream::session: signal="socket.backpressure" tick=6989 bound=500 paused_ms=0 resumes=372
2026-09-22T18:47:13.505925Z  INFO stream::session: signal="socket.backpressure" tick=6990 bound=500 paused_ms=0 resumes=373
2026-09-22T18:47:13.506565Z  INFO stream::session: signal="socket.backpressure" tick=7179 bound=500 paused_ms=0 resumes=374
2026-09-22T18:47:13.507824Z  INFO stream::session: signal="socket.backpressure" tick=7807 bound=500 paused_ms=0 resumes=375
2026-09-22T18:47:13.507876Z  INFO stream::session: signal="socket.backpressure" tick=7808 bound=500 paused_ms=0 resumes=376
2026-09-22T18:47:13.511935Z  INFO stream::session: signal="socket.backpressure" tick=10275 bound=500 paused_ms=0 resumes=377
2026-09-22T18:47:13.512014Z  INFO stream::session: signal="socket.backpressure" tick=10276 bound=500 paused_ms=0 resumes=378
2026-09-22T18:47:13.512092Z  INFO stream::session: signal="socket.backpressure" tick=10307 bound=500 paused_ms=0 resumes=379
2026-09-22T18:47:13.512108Z  INFO stream::session: signal="socket.backpressure" tick=10308 bound=500 paused_ms=0 resumes=380
2026-09-22T18:47:13.512207Z  INFO stream::session: signal="socket.backpressure" tick=10309 bound=500 paused_ms=0 resumes=381
2026-09-22T18:47:13.512267Z  INFO stream::session: signal="socket.backpressure" tick=10310 bound=500 paused_ms=0 resumes=382
2026-09-22T18:47:13.512331Z  INFO stream::session: signal="socket.backpressure" tick=10339 bound=500 paused_ms=0 resumes=383
2026-09-22T18:47:13.512719Z  INFO stream::session: signal="socket.backpressure" tick=10531 bound=500 paused_ms=0 resumes=384
2026-09-22T18:47:13.519138Z  INFO stream::session: signal="socket.backpressure" tick=14481 bound=500 paused_ms=0 resumes=385
2026-09-22T18:47:13.519169Z  INFO stream::session: signal="socket.backpressure" tick=14482 bound=500 paused_ms=0 resumes=386
2026-09-22T18:47:13.519246Z  INFO stream::session: signal="socket.backpressure" tick=14483 bound=500 paused_ms=0 resumes=387
2026-09-22T18:47:13.519316Z  INFO stream::session: signal="socket.backpressure" tick=14484 bound=500 paused_ms=0 resumes=388
2026-09-22T18:47:13.519413Z  INFO stream::session: signal="socket.backpressure" tick=14485 bound=500 paused_ms=0 resumes=389
2026-09-22T18:47:13.519466Z  INFO stream::session: signal="socket.backpressure" tick=14487 bound=500 paused_ms=0 resumes=390
2026-09-22T18:47:13.519494Z  INFO stream::session: signal="socket.backpressure" tick=14488 bound=500 paused_ms=0 resumes=391
2026-09-22T18:47:13.519520Z  INFO stream::session: signal="socket.backpressure" tick=14489 bound=500 paused_ms=0 resumes=392
2026-09-22T18:47:13.519562Z  INFO stream::session: signal="socket.backpressure" tick=14490 bound=500 paused_ms=0 resumes=393
2026-09-22T18:47:13.519591Z  INFO stream::session: signal="socket.backpressure" tick=14491 bound=500 paused_ms=0 resumes=394
2026-09-22T18:47:13.519639Z  INFO stream::session: signal="socket.backpressure" tick=14492 bound=500 paused_ms=0 resumes=395
2026-09-22T18:47:13.519770Z  INFO stream::session: signal="socket.backpressure" tick=14527 bound=500 paused_ms=0 resumes=396
2026-09-22T18:47:13.526551Z  INFO stream::session: signal="socket.backpressure" tick=14529 bound=500 paused_ms=6 resumes=397
2026-09-22T18:47:13.541092Z  INFO stream::session: signal="socket.backpressure" tick=18356 bound=500 paused_ms=8 resumes=398
2026-09-22T18:47:13.562470Z  INFO stream::session: signal="socket.backpressure" tick=22207 bound=500 paused_ms=15 resumes=399
2026-09-22T18:47:13.583472Z  INFO stream::session: signal="socket.backpressure" tick=24770 bound=500 paused_ms=16 resumes=400
2026-09-22T18:47:13.603132Z  INFO stream::session: signal="socket.backpressure" tick=27355 bound=500 paused_ms=15 resumes=401
2026-09-22T18:47:13.605401Z  INFO stream::session: signal="socket.backpressure" tick=28597 bound=500 paused_ms=0 resumes=402
2026-09-22T18:47:13.606921Z  INFO stream::session: signal="socket.backpressure" tick=29229 bound=500 paused_ms=0 resumes=403
2026-09-22T18:47:13.607090Z  INFO stream::session: signal="socket.backpressure" tick=29261 bound=500 paused_ms=0 resumes=404
2026-09-22T18:47:13.607151Z  INFO stream::session: signal="socket.backpressure" tick=29262 bound=500 paused_ms=0 resumes=405
2026-09-22T18:47:13.608205Z  INFO stream::session: signal="socket.backpressure" tick=29892 bound=500 paused_ms=0 resumes=406
2026-09-22T18:47:13.623280Z  INFO stream::session: signal="socket.backpressure" tick=29901 bound=500 paused_ms=15 resumes=407
2026-09-22T18:47:13.642640Z  INFO stream::session: signal="socket.backpressure" tick=32438 bound=500 paused_ms=15 resumes=408
2026-09-22T18:47:13.661806Z  INFO stream::session: signal="socket.backpressure" tick=35020 bound=500 paused_ms=14 resumes=409
2026-09-22T18:47:13.682396Z  INFO stream::session: signal="socket.backpressure" tick=37559 bound=500 paused_ms=16 resumes=410
2026-09-22T18:47:13.687175Z  INFO stream::session: signal="socket.backpressure" tick=40058 bound=500 paused_ms=0 resumes=411
2026-09-22T18:47:13.687326Z  INFO stream::session: signal="socket.backpressure" tick=40083 bound=500 paused_ms=0 resumes=412
2026-09-22T18:47:13.687394Z  INFO stream::session: signal="socket.backpressure" tick=40084 bound=500 paused_ms=0 resumes=413
2026-09-22T18:47:13.687435Z  INFO stream::session: signal="socket.backpressure" tick=40094 bound=500 paused_ms=0 resumes=414
2026-09-22T18:47:13.687455Z  INFO stream::session: signal="socket.backpressure" tick=40099 bound=500 paused_ms=0 resumes=415
2026-09-22T18:47:13.687463Z  INFO stream::session: signal="socket.backpressure" tick=40101 bound=500 paused_ms=0 resumes=416
2026-09-22T18:47:13.687470Z  INFO stream::session: signal="socket.backpressure" tick=40103 bound=500 paused_ms=0 resumes=417
2026-09-22T18:47:13.687474Z  INFO stream::session: signal="socket.backpressure" tick=40104 bound=500 paused_ms=0 resumes=418
2026-09-22T18:47:13.687481Z  INFO stream::session: signal="socket.backpressure" tick=40106 bound=500 paused_ms=0 resumes=419
2026-09-22T18:47:13.687485Z  INFO stream::session: signal="socket.backpressure" tick=40107 bound=500 paused_ms=0 resumes=420
2026-09-22T18:47:13.687492Z  INFO stream::session: signal="socket.backpressure" tick=40109 bound=500 paused_ms=0 resumes=421
2026-09-22T18:47:13.687566Z  INFO stream::session: signal="socket.backpressure" tick=40130 bound=500 paused_ms=0 resumes=422
2026-09-22T18:47:13.703378Z  INFO stream::session: signal="socket.backpressure" tick=40133 bound=500 paused_ms=15 resumes=423
2026-09-22T18:47:13.725027Z  INFO stream::session: signal="socket.backpressure" tick=42675 bound=500 paused_ms=17 resumes=424
2026-09-22T18:47:13.746070Z  INFO stream::session: signal="socket.backpressure" tick=45268 bound=500 paused_ms=17 resumes=425
2026-09-22T18:47:13.765482Z  INFO stream::session: signal="socket.backpressure" tick=47805 bound=500 paused_ms=15 resumes=426
2026-09-22T18:47:13.783994Z  INFO stream::session: signal="socket.backpressure" tick=50374 bound=500 paused_ms=14 resumes=427
2026-09-22T18:47:13.784195Z  INFO stream::session: signal="socket.backpressure" tick=50375 bound=500 paused_ms=0 resumes=428
2026-09-22T18:47:13.784276Z  INFO stream::session: signal="socket.backpressure" tick=50376 bound=500 paused_ms=0 resumes=429
2026-09-22T18:47:13.802568Z  INFO stream::session: signal="socket.backpressure" tick=52935 bound=500 paused_ms=14 resumes=430
2026-09-22T18:47:13.820963Z  INFO stream::session: signal="socket.backpressure" tick=55502 bound=500 paused_ms=14 resumes=431
2026-09-22T18:47:13.840736Z  INFO stream::session: signal="socket.backpressure" tick=58079 bound=500 paused_ms=15 resumes=432
2026-09-22T18:47:13.860582Z  INFO stream::session: signal="socket.backpressure" tick=60608 bound=500 paused_ms=15 resumes=433
2026-09-22T18:47:13.880638Z  INFO stream::session: signal="socket.backpressure" tick=63178 bound=500 paused_ms=16 resumes=434
2026-09-22T18:47:13.899914Z  INFO stream::session: signal="socket.backpressure" tick=65741 bound=500 paused_ms=15 resumes=435
2026-09-22T18:47:13.921611Z  INFO stream::session: signal="socket.backpressure" tick=68306 bound=500 paused_ms=17 resumes=436
2026-09-22T18:47:13.940941Z  INFO stream::session: signal="socket.backpressure" tick=70870 bound=500 paused_ms=15 resumes=437
2026-09-22T18:47:13.960899Z  INFO stream::session: signal="socket.backpressure" tick=73418 bound=500 paused_ms=15 resumes=438
2026-09-22T18:47:13.987801Z  INFO stream::session: signal="socket.backpressure" tick=75993 bound=500 paused_ms=22 resumes=439
2026-09-22T18:47:14.007368Z  INFO stream::session: signal="socket.backpressure" tick=78526 bound=500 paused_ms=15 resumes=440
2026-09-22T18:47:14.027158Z  INFO stream::session: signal="socket.backpressure" tick=81096 bound=500 paused_ms=15 resumes=441
2026-09-22T18:47:14.045824Z  INFO stream::session: signal="socket.backpressure" tick=83660 bound=500 paused_ms=14 resumes=442
2026-09-22T18:47:14.068179Z  INFO stream::session: signal="socket.backpressure" tick=86223 bound=500 paused_ms=18 resumes=443
2026-09-22T18:47:14.071201Z  INFO stream::session: signal="socket.backpressure" tick=87597 bound=500 paused_ms=0 resumes=444
2026-09-22T18:47:14.071354Z  INFO stream::session: signal="socket.backpressure" tick=87598 bound=500 paused_ms=0 resumes=445
2026-09-22T18:47:14.071558Z  INFO stream::session: signal="socket.backpressure" tick=87629 bound=500 paused_ms=0 resumes=446
2026-09-22T18:47:14.088034Z  INFO stream::session: signal="socket.backpressure" tick=88794 bound=500 paused_ms=14 resumes=447
2026-09-22T18:47:14.089361Z  INFO stream::session: signal="socket.backpressure" tick=89543 bound=500 paused_ms=0 resumes=448
2026-09-22T18:47:14.090923Z  INFO stream::session: signal="socket.backpressure" tick=90131 bound=500 paused_ms=0 resumes=449
2026-09-22T18:47:14.108504Z  INFO stream::session: signal="socket.backpressure" tick=91345 bound=500 paused_ms=15 resumes=450
2026-09-22T18:47:14.127871Z  INFO stream::session: signal="socket.backpressure" tick=93915 bound=500 paused_ms=15 resumes=451
2026-09-22T18:47:14.146687Z  INFO stream::session: signal="socket.backpressure" tick=96493 bound=500 paused_ms=14 resumes=452
2026-09-22T18:47:14.166012Z  INFO stream::session: signal="socket.backpressure" tick=99030 bound=500 paused_ms=15 resumes=453
2026-09-22T18:47:14.184657Z  INFO stream::session: signal="socket.backpressure" tick=101629 bound=500 paused_ms=14 resumes=454
2026-09-22T18:47:14.204099Z  INFO stream::session: signal="socket.backpressure" tick=104136 bound=500 paused_ms=15 resumes=455
2026-09-22T18:47:14.225237Z  INFO stream::session: signal="socket.backpressure" tick=106708 bound=500 paused_ms=17 resumes=456
2026-09-22T18:47:14.228021Z  INFO stream::session: signal="socket.backpressure" tick=108253 bound=500 paused_ms=0 resumes=457
2026-09-22T18:47:14.228056Z  INFO stream::session: signal="socket.backpressure" tick=108254 bound=500 paused_ms=0 resumes=458
2026-09-22T18:47:14.228070Z  INFO stream::session: signal="socket.backpressure" tick=108255 bound=500 paused_ms=0 resumes=459
2026-09-22T18:47:14.245132Z  INFO stream::session: signal="socket.backpressure" tick=109277 bound=500 paused_ms=15 resumes=460
2026-09-22T18:47:14.264706Z  INFO stream::session: signal="socket.backpressure" tick=111816 bound=500 paused_ms=15 resumes=461
2026-09-22T18:47:14.283636Z  INFO stream::session: signal="socket.backpressure" tick=114387 bound=500 paused_ms=14 resumes=462
2026-09-22T18:47:14.304026Z  INFO stream::session: signal="socket.backpressure" tick=116976 bound=500 paused_ms=16 resumes=463
2026-09-22T18:47:14.322997Z  INFO stream::session: signal="socket.backpressure" tick=119484 bound=500 paused_ms=14 resumes=464
2026-09-22T18:47:14.342629Z  INFO stream::session: signal="socket.backpressure" tick=122055 bound=500 paused_ms=15 resumes=465
2026-09-22T18:47:14.362190Z  INFO stream::session: signal="socket.backpressure" tick=124625 bound=500 paused_ms=15 resumes=466
2026-09-22T18:47:14.380904Z  INFO stream::session: signal="socket.backpressure" tick=127188 bound=500 paused_ms=14 resumes=467
2026-09-22T18:47:14.399927Z  INFO stream::session: signal="socket.backpressure" tick=129729 bound=500 paused_ms=15 resumes=468
2026-09-22T18:47:14.418260Z  INFO stream::session: signal="socket.backpressure" tick=132322 bound=500 paused_ms=14 resumes=469
2026-09-22T18:47:14.421168Z  INFO stream::session: signal="socket.backpressure" tick=133680 bound=500 paused_ms=0 resumes=470
2026-09-22T18:47:14.438382Z  INFO stream::session: signal="socket.backpressure" tick=134872 bound=500 paused_ms=15 resumes=471
2026-09-22T18:47:14.457307Z  INFO stream::session: signal="socket.backpressure" tick=137410 bound=500 paused_ms=15 resumes=472
2026-09-22T18:47:14.461200Z  INFO stream::session: signal="socket.backpressure" tick=139644 bound=500 paused_ms=0 resumes=473
2026-09-22T18:47:14.476149Z  INFO stream::session: signal="socket.backpressure" tick=139996 bound=500 paused_ms=14 resumes=474
2026-09-22T18:47:14.479776Z  INFO stream::session: signal="socket.backpressure" tick=142159 bound=500 paused_ms=0 resumes=475
2026-09-22T18:47:14.498386Z  INFO stream::session: signal="socket.backpressure" tick=142543 bound=500 paused_ms=17 resumes=476
2026-09-22T18:47:14.518035Z  INFO stream::session: signal="socket.backpressure" tick=145081 bound=500 paused_ms=15 resumes=477
2026-09-22T18:47:14.537800Z  INFO stream::session: signal="socket.backpressure" tick=147654 bound=500 paused_ms=15 resumes=478
2026-09-22T18:47:14.541528Z  INFO stream::session: signal="socket.backpressure" tick=149936 bound=500 paused_ms=0 resumes=479
2026-09-22T18:47:14.556873Z  INFO stream::session: signal="socket.backpressure" tick=150223 bound=500 paused_ms=14 resumes=480
2026-09-22T18:47:14.580484Z  INFO stream::session: signal="socket.backpressure" tick=152764 bound=500 paused_ms=19 resumes=481
2026-09-22T18:47:14.598628Z  INFO stream::session: signal="socket.backpressure" tick=155358 bound=500 paused_ms=13 resumes=482
2026-09-22T18:47:14.622556Z  INFO stream::session: signal="socket.backpressure" tick=157895 bound=500 paused_ms=19 resumes=483
2026-09-22T18:47:14.641233Z  INFO stream::session: signal="socket.backpressure" tick=160461 bound=500 paused_ms=14 resumes=484
2026-09-22T18:47:14.660095Z  INFO stream::session: signal="socket.backpressure" tick=163022 bound=500 paused_ms=14 resumes=485
2026-09-22T18:47:14.678764Z  INFO stream::session: signal="socket.backpressure" tick=165616 bound=500 paused_ms=14 resumes=486
2026-09-22T18:47:14.699440Z  INFO stream::session: signal="socket.backpressure" tick=168138 bound=500 paused_ms=16 resumes=487
2026-09-22T18:47:14.719315Z  INFO stream::session: signal="socket.backpressure" tick=170708 bound=500 paused_ms=15 resumes=488
2026-09-22T18:47:14.738323Z  INFO stream::session: signal="socket.backpressure" tick=173293 bound=500 paused_ms=14 resumes=489
2026-09-22T18:47:14.757202Z  INFO stream::session: signal="socket.backpressure" tick=175831 bound=500 paused_ms=14 resumes=490
2026-09-22T18:47:14.775210Z  INFO stream::session: signal="socket.backpressure" tick=178400 bound=500 paused_ms=14 resumes=491
2026-09-22T18:47:14.792938Z  INFO stream::session: signal="socket.backpressure" tick=180944 bound=500 paused_ms=13 resumes=492
2026-09-22T18:47:14.796989Z  INFO stream::session: signal="socket.backpressure" tick=183312 bound=500 paused_ms=0 resumes=493
2026-09-22T18:47:14.797336Z  INFO stream::session: signal="socket.backpressure" tick=183535 bound=500 paused_ms=0 resumes=494
2026-09-22T18:47:14.811519Z  INFO stream::session: signal="socket.backpressure" tick=183536 bound=500 paused_ms=14 resumes=495
2026-09-22T18:47:14.829152Z  INFO stream::session: signal="socket.backpressure" tick=186073 bound=500 paused_ms=13 resumes=496
2026-09-22T18:47:14.846613Z  INFO stream::session: signal="socket.backpressure" tick=188654 bound=500 paused_ms=13 resumes=497
2026-09-22T18:47:14.864552Z  INFO stream::session: signal="socket.backpressure" tick=191192 bound=500 paused_ms=13 resumes=498
2026-09-22T18:47:14.886759Z  INFO stream::session: signal="socket.backpressure" tick=193764 bound=500 paused_ms=17 resumes=499
2026-09-22T18:47:14.905632Z  INFO stream::session: signal="socket.backpressure" tick=196345 bound=500 paused_ms=14 resumes=500
2026-09-22T18:47:14.907439Z  INFO stream::session: signal="socket.backpressure" tick=197292 bound=500 paused_ms=0 resumes=501
2026-09-22T18:47:14.924438Z  INFO stream::session: signal="socket.backpressure" tick=198883 bound=500 paused_ms=14 resumes=502
2026-09-22T18:47:14.942530Z  INFO stream::session: signal="socket.backpressure" tick=201455 bound=500 paused_ms=14 resumes=503
2026-09-22T18:47:14.960867Z  INFO stream::session: signal="socket.backpressure" tick=203993 bound=500 paused_ms=14 resumes=504
2026-09-22T18:47:14.979116Z  INFO stream::session: signal="socket.backpressure" tick=206563 bound=500 paused_ms=14 resumes=505
2026-09-22T18:47:14.997547Z  INFO stream::session: signal="socket.backpressure" tick=209148 bound=500 paused_ms=14 resumes=506
2026-09-22T18:47:15.015493Z  INFO stream::session: signal="socket.backpressure" tick=211686 bound=500 paused_ms=13 resumes=507
2026-09-22T18:47:15.033502Z  INFO stream::session: signal="socket.backpressure" tick=214281 bound=500 paused_ms=13 resumes=508
2026-09-22T18:47:15.036553Z  INFO stream::session: signal="socket.backpressure" tick=215854 bound=500 paused_ms=0 resumes=509
2026-09-22T18:47:15.052502Z  INFO stream::session: signal="socket.backpressure" tick=216808 bound=500 paused_ms=14 resumes=510
2026-09-22T18:47:15.071061Z  INFO stream::session: signal="socket.backpressure" tick=219377 bound=500 paused_ms=14 resumes=511
2026-09-22T18:47:15.090258Z  INFO stream::session: signal="socket.backpressure" tick=221950 bound=500 paused_ms=15 resumes=512
2026-09-22T18:47:15.108926Z  INFO stream::session: signal="socket.backpressure" tick=224506 bound=500 paused_ms=14 resumes=513
2026-09-22T18:47:15.127567Z  INFO stream::session: signal="socket.backpressure" tick=227044 bound=500 paused_ms=14 resumes=514
2026-09-22T18:47:15.152500Z  INFO stream::session: signal="socket.backpressure" tick=229629 bound=500 paused_ms=20 resumes=515
2026-09-22T18:47:15.154478Z  INFO stream::session: signal="socket.backpressure" tick=230711 bound=500 paused_ms=0 resumes=516
2026-09-22T18:47:15.171553Z  INFO stream::session: signal="socket.backpressure" tick=232169 bound=500 paused_ms=14 resumes=517
2026-09-22T18:47:15.189679Z  INFO stream::session: signal="socket.backpressure" tick=234738 bound=500 paused_ms=14 resumes=518
2026-09-22T18:47:15.207985Z  INFO stream::session: signal="socket.backpressure" tick=237300 bound=500 paused_ms=14 resumes=519
2026-09-22T18:47:15.227108Z  INFO stream::session: signal="socket.backpressure" tick=239866 bound=500 paused_ms=15 resumes=520
2026-09-22T18:47:15.230828Z  INFO stream::session: signal="socket.backpressure" tick=242124 bound=500 paused_ms=0 resumes=521
2026-09-22T18:47:15.230911Z  INFO stream::session: signal="socket.backpressure" tick=242125 bound=500 paused_ms=0 resumes=522
2026-09-22T18:47:15.245435Z  INFO stream::session: signal="socket.backpressure" tick=242444 bound=500 paused_ms=13 resumes=523
2026-09-22T18:47:15.264524Z  INFO stream::session: signal="socket.backpressure" tick=245001 bound=500 paused_ms=15 resumes=524
2026-09-22T18:47:15.282907Z  INFO stream::session: signal="socket.backpressure" tick=247538 bound=500 paused_ms=14 resumes=525
2026-09-22T18:47:15.301616Z  INFO stream::session: signal="socket.backpressure" tick=250110 bound=500 paused_ms=14 resumes=526
2026-09-22T18:47:15.320042Z  INFO stream::session: signal="socket.backpressure" tick=252649 bound=500 paused_ms=14 resumes=527
2026-09-22T18:47:15.338287Z  INFO stream::session: signal="socket.backpressure" tick=255230 bound=500 paused_ms=14 resumes=528
2026-09-22T18:47:15.357562Z  INFO stream::session: signal="socket.backpressure" tick=257771 bound=500 paused_ms=15 resumes=529
2026-09-22T18:47:15.376424Z  INFO stream::session: signal="socket.backpressure" tick=260360 bound=500 paused_ms=14 resumes=530
2026-09-22T18:47:15.395684Z  INFO stream::session: signal="socket.backpressure" tick=262898 bound=500 paused_ms=15 resumes=531
2026-09-22T18:47:15.415151Z  INFO stream::session: signal="socket.backpressure" tick=265468 bound=500 paused_ms=15 resumes=532
2026-09-22T18:47:15.416102Z  INFO stream::session: signal="socket.backpressure" tick=265980 bound=500 paused_ms=0 resumes=533
2026-09-22T18:47:15.416145Z  INFO stream::session: signal="socket.backpressure" tick=265981 bound=500 paused_ms=0 resumes=534
2026-09-22T18:47:15.416168Z  INFO stream::session: signal="socket.backpressure" tick=265982 bound=500 paused_ms=0 resumes=535
2026-09-22T18:47:15.416237Z  INFO stream::session: signal="socket.backpressure" tick=266012 bound=500 paused_ms=0 resumes=536
2026-09-22T18:47:15.435037Z  INFO stream::session: signal="socket.backpressure" tick=268030 bound=500 paused_ms=15 resumes=537
2026-09-22T18:47:15.454715Z  INFO engine_cli::serve: signal="socket.session_closed" ticks=270000 high_water=502 bound=500 pauses=537 paused_ms=1484

exit 0
