2026-09-22T21:43:57.890769Z  INFO engine::data: signal="content.loaded" kind="attributes" path="attributes.json" schema_version=1 bytes=1884 hash=096020d4ab81
2026-09-22T21:43:57.890900Z  INFO engine::data: signal="content.loaded" kind="tuning" path="tuning.json" schema_version=1 bytes=4180 hash=edfccfdada0c
2026-09-22T21:43:57.890968Z  INFO engine::data: signal="content.loaded" kind="rules" path="rules/default.json" schema_version=2 bytes=1185 hash=6099d3438e0c
2026-09-22T21:43:57.891172Z  INFO engine::data: signal="content.loaded" kind="team" path="teams/default-a.json" schema_version=1 bytes=23735 hash=c4154f222b4e
2026-09-22T21:43:57.891357Z  INFO engine::data: signal="content.loaded" kind="team" path="teams/default-b.json" schema_version=1 bytes=23734 hash=62e16684340a
2026-09-22T21:43:57.892060Z  INFO engine::observe::identity: signal="identity.owner_created" path="owner.id"
2026-09-22T21:43:57.893790Z  INFO stream::server: signal="socket.listening" port=59107 protocol_version=2 match_id=000000000000002a-1790113437892
59107
2026-09-22T21:43:57.895404Z  INFO engine_cli::web: signal="web.serving" dir=web files=31 isolated=true port=59108
http://127.0.0.1:59108/
2026-09-22T21:43:57.976730Z  INFO stream::server: signal="socket.client" origin=http://127.0.0.1:59108 protocol_version=2 match_id=000000000000002a-1790113437892
2026-09-22T21:43:57.981524Z  INFO stream::session: signal="socket.backpressure" tick=499 bound=500 paused_ms=2 resumes=1
2026-09-22T21:43:57.981603Z  INFO stream::session: signal="socket.backpressure" tick=500 bound=500 paused_ms=0 resumes=2
2026-09-22T21:43:57.981819Z  INFO stream::session: signal="socket.backpressure" tick=531 bound=500 paused_ms=0 resumes=3
2026-09-22T21:43:57.981877Z  INFO stream::session: signal="socket.backpressure" tick=532 bound=500 paused_ms=0 resumes=4
2026-09-22T21:43:57.981994Z  INFO stream::session: signal="socket.backpressure" tick=563 bound=500 paused_ms=0 resumes=5
2026-09-22T21:43:57.982053Z  INFO stream::session: signal="socket.backpressure" tick=564 bound=500 paused_ms=0 resumes=6
2026-09-22T21:43:57.982077Z  INFO stream::session: signal="socket.backpressure" tick=565 bound=500 paused_ms=0 resumes=7
2026-09-22T21:43:57.982096Z  INFO stream::session: signal="socket.backpressure" tick=566 bound=500 paused_ms=0 resumes=8
2026-09-22T21:43:57.982109Z  INFO stream::session: signal="socket.backpressure" tick=567 bound=500 paused_ms=0 resumes=9
2026-09-22T21:43:57.982121Z  INFO stream::session: signal="socket.backpressure" tick=568 bound=500 paused_ms=0 resumes=10
2026-09-22T21:43:57.982148Z  INFO stream::session: signal="socket.backpressure" tick=569 bound=500 paused_ms=0 resumes=11
2026-09-22T21:43:57.982161Z  INFO stream::session: signal="socket.backpressure" tick=570 bound=500 paused_ms=0 resumes=12
2026-09-22T21:43:57.982173Z  INFO stream::session: signal="socket.backpressure" tick=571 bound=500 paused_ms=0 resumes=13
2026-09-22T21:43:57.982185Z  INFO stream::session: signal="socket.backpressure" tick=572 bound=500 paused_ms=0 resumes=14
2026-09-22T21:43:57.982198Z  INFO stream::session: signal="socket.backpressure" tick=573 bound=500 paused_ms=0 resumes=15
2026-09-22T21:43:57.982210Z  INFO stream::session: signal="socket.backpressure" tick=574 bound=500 paused_ms=0 resumes=16
2026-09-22T21:43:57.982239Z  INFO stream::session: signal="socket.backpressure" tick=575 bound=500 paused_ms=0 resumes=17
2026-09-22T21:43:57.982294Z  INFO stream::session: signal="socket.backpressure" tick=595 bound=500 paused_ms=0 resumes=18
2026-09-22T21:43:57.982367Z  INFO stream::session: signal="socket.backpressure" tick=596 bound=500 paused_ms=0 resumes=19
2026-09-22T21:43:57.982622Z  INFO stream::session: signal="socket.backpressure" tick=627 bound=500 paused_ms=0 resumes=20
2026-09-22T21:43:57.982732Z  INFO stream::session: signal="socket.backpressure" tick=628 bound=500 paused_ms=0 resumes=21
2026-09-22T21:43:57.982751Z  INFO stream::session: signal="socket.backpressure" tick=629 bound=500 paused_ms=0 resumes=22
2026-09-22T21:43:57.982764Z  INFO stream::session: signal="socket.backpressure" tick=630 bound=500 paused_ms=0 resumes=23
2026-09-22T21:43:57.982776Z  INFO stream::session: signal="socket.backpressure" tick=631 bound=500 paused_ms=0 resumes=24
2026-09-22T21:43:57.982806Z  INFO stream::session: signal="socket.backpressure" tick=632 bound=500 paused_ms=0 resumes=25
2026-09-22T21:43:57.982825Z  INFO stream::session: signal="socket.backpressure" tick=633 bound=500 paused_ms=0 resumes=26
2026-09-22T21:43:57.982838Z  INFO stream::session: signal="socket.backpressure" tick=634 bound=500 paused_ms=0 resumes=27
2026-09-22T21:43:57.982901Z  INFO stream::session: signal="socket.backpressure" tick=659 bound=500 paused_ms=0 resumes=28
2026-09-22T21:43:57.983042Z  INFO stream::session: signal="socket.backpressure" tick=660 bound=500 paused_ms=0 resumes=29
2026-09-22T21:43:57.983337Z  INFO stream::session: signal="socket.backpressure" tick=691 bound=500 paused_ms=0 resumes=30
2026-09-22T21:43:57.983390Z  INFO stream::session: signal="socket.backpressure" tick=692 bound=500 paused_ms=0 resumes=31
2026-09-22T21:43:57.983440Z  INFO stream::session: signal="socket.backpressure" tick=693 bound=500 paused_ms=0 resumes=32
2026-09-22T21:43:57.983473Z  INFO stream::session: signal="socket.backpressure" tick=694 bound=500 paused_ms=0 resumes=33
2026-09-22T21:43:57.983502Z  INFO stream::session: signal="socket.backpressure" tick=695 bound=500 paused_ms=0 resumes=34
2026-09-22T21:43:57.985668Z  INFO stream::session: signal="socket.backpressure" tick=696 bound=500 paused_ms=2 resumes=35
2026-09-22T21:43:57.985685Z  INFO stream::session: signal="socket.backpressure" tick=697 bound=500 paused_ms=0 resumes=36
2026-09-22T21:43:57.985729Z  INFO stream::session: signal="socket.backpressure" tick=698 bound=500 paused_ms=0 resumes=37
2026-09-22T21:43:57.985842Z  INFO stream::session: signal="socket.backpressure" tick=723 bound=500 paused_ms=0 resumes=38
2026-09-22T21:43:57.986059Z  INFO stream::session: signal="socket.backpressure" tick=724 bound=500 paused_ms=0 resumes=39
2026-09-22T21:43:57.986140Z  INFO stream::session: signal="socket.backpressure" tick=725 bound=500 paused_ms=0 resumes=40
2026-09-22T21:43:57.986205Z  INFO stream::session: signal="socket.backpressure" tick=726 bound=500 paused_ms=0 resumes=41
2026-09-22T21:43:57.986300Z  INFO stream::session: signal="socket.backpressure" tick=755 bound=500 paused_ms=0 resumes=42
2026-09-22T21:43:57.986399Z  INFO stream::session: signal="socket.backpressure" tick=756 bound=500 paused_ms=0 resumes=43
2026-09-22T21:43:57.986603Z  INFO stream::session: signal="socket.backpressure" tick=787 bound=500 paused_ms=0 resumes=44
2026-09-22T21:43:57.986690Z  INFO stream::session: signal="socket.backpressure" tick=819 bound=500 paused_ms=0 resumes=45
2026-09-22T21:43:57.986791Z  INFO stream::session: signal="socket.backpressure" tick=820 bound=500 paused_ms=0 resumes=46
2026-09-22T21:43:57.986861Z  INFO stream::session: signal="socket.backpressure" tick=851 bound=500 paused_ms=0 resumes=47
2026-09-22T21:43:57.986986Z  INFO stream::session: signal="socket.backpressure" tick=852 bound=500 paused_ms=0 resumes=48
2026-09-22T21:43:57.987053Z  INFO stream::session: signal="socket.backpressure" tick=853 bound=500 paused_ms=0 resumes=49
2026-09-22T21:43:57.987121Z  INFO stream::session: signal="socket.backpressure" tick=883 bound=500 paused_ms=0 resumes=50
2026-09-22T21:43:57.987233Z  INFO stream::session: signal="socket.backpressure" tick=884 bound=500 paused_ms=0 resumes=51
2026-09-22T21:43:57.987470Z  INFO stream::session: signal="socket.backpressure" tick=915 bound=500 paused_ms=0 resumes=52
2026-09-22T21:43:57.987516Z  INFO stream::session: signal="socket.backpressure" tick=916 bound=500 paused_ms=0 resumes=53
2026-09-22T21:43:57.987589Z  INFO stream::session: signal="socket.backpressure" tick=947 bound=500 paused_ms=0 resumes=54
2026-09-22T21:43:57.987702Z  INFO stream::session: signal="socket.backpressure" tick=979 bound=500 paused_ms=0 resumes=55
2026-09-22T21:43:57.987873Z  INFO stream::session: signal="socket.backpressure" tick=980 bound=500 paused_ms=0 resumes=56
2026-09-22T21:43:57.997420Z  INFO stream::session: signal="socket.backpressure" tick=2121 bound=500 paused_ms=7 resumes=57
2026-09-22T21:43:57.997452Z  INFO stream::session: signal="socket.backpressure" tick=2122 bound=500 paused_ms=0 resumes=58
2026-09-22T21:43:57.997483Z  INFO stream::session: signal="socket.backpressure" tick=2123 bound=500 paused_ms=0 resumes=59
2026-09-22T21:43:57.997529Z  INFO stream::session: signal="socket.backpressure" tick=2124 bound=500 paused_ms=0 resumes=60
2026-09-22T21:43:57.998451Z  INFO stream::session: signal="socket.backpressure" tick=2153 bound=500 paused_ms=0 resumes=61
2026-09-22T21:43:57.999626Z  INFO stream::session: signal="socket.backpressure" tick=2154 bound=500 paused_ms=1 resumes=62
2026-09-22T21:43:57.999700Z  INFO stream::session: signal="socket.backpressure" tick=2155 bound=500 paused_ms=0 resumes=63
2026-09-22T21:43:57.999838Z  INFO stream::session: signal="socket.backpressure" tick=2185 bound=500 paused_ms=0 resumes=64
2026-09-22T21:43:58.000080Z  INFO stream::session: signal="socket.backpressure" tick=2217 bound=500 paused_ms=0 resumes=65
2026-09-22T21:43:58.000153Z  INFO stream::session: signal="socket.backpressure" tick=2218 bound=500 paused_ms=0 resumes=66
2026-09-22T21:43:58.000218Z  INFO stream::session: signal="socket.backpressure" tick=2219 bound=500 paused_ms=0 resumes=67
2026-09-22T21:43:58.000790Z  INFO stream::session: signal="socket.backpressure" tick=2249 bound=500 paused_ms=0 resumes=68
2026-09-22T21:43:58.000910Z  INFO stream::session: signal="socket.backpressure" tick=2250 bound=500 paused_ms=0 resumes=69
2026-09-22T21:43:58.000964Z  INFO stream::session: signal="socket.backpressure" tick=2251 bound=500 paused_ms=0 resumes=70
2026-09-22T21:43:58.001003Z  INFO stream::session: signal="socket.backpressure" tick=2252 bound=500 paused_ms=0 resumes=71
2026-09-22T21:43:58.001568Z  INFO stream::session: signal="socket.backpressure" tick=2253 bound=500 paused_ms=0 resumes=72
2026-09-22T21:43:58.001738Z  INFO stream::session: signal="socket.backpressure" tick=2281 bound=500 paused_ms=0 resumes=73
2026-09-22T21:43:58.001924Z  INFO stream::session: signal="socket.backpressure" tick=2282 bound=500 paused_ms=0 resumes=74
2026-09-22T21:43:58.002045Z  INFO stream::session: signal="socket.backpressure" tick=2313 bound=500 paused_ms=0 resumes=75
2026-09-22T21:43:58.002168Z  INFO stream::session: signal="socket.backpressure" tick=2331 bound=500 paused_ms=0 resumes=76
2026-09-22T21:43:58.002194Z  INFO stream::session: signal="socket.backpressure" tick=2332 bound=500 paused_ms=0 resumes=77
2026-09-22T21:43:58.002724Z  INFO stream::session: signal="socket.backpressure" tick=2345 bound=500 paused_ms=0 resumes=78
2026-09-22T21:43:58.002859Z  INFO stream::session: signal="socket.backpressure" tick=2346 bound=500 paused_ms=0 resumes=79
2026-09-22T21:43:58.002905Z  INFO stream::session: signal="socket.backpressure" tick=2347 bound=500 paused_ms=0 resumes=80
2026-09-22T21:43:58.003050Z  INFO stream::session: signal="socket.backpressure" tick=2377 bound=500 paused_ms=0 resumes=81
2026-09-22T21:43:58.003202Z  INFO stream::session: signal="socket.backpressure" tick=2378 bound=500 paused_ms=0 resumes=82
2026-09-22T21:43:58.003333Z  INFO stream::session: signal="socket.backpressure" tick=2409 bound=500 paused_ms=0 resumes=83
2026-09-22T21:43:58.003785Z  INFO stream::session: signal="socket.backpressure" tick=2410 bound=500 paused_ms=0 resumes=84
2026-09-22T21:43:58.003885Z  INFO stream::session: signal="socket.backpressure" tick=2411 bound=500 paused_ms=0 resumes=85
2026-09-22T21:43:58.004339Z  INFO stream::session: signal="socket.backpressure" tick=2441 bound=500 paused_ms=0 resumes=86
2026-09-22T21:43:58.004378Z  INFO stream::session: signal="socket.backpressure" tick=2442 bound=500 paused_ms=0 resumes=87
2026-09-22T21:43:58.004418Z  INFO stream::session: signal="socket.backpressure" tick=2443 bound=500 paused_ms=0 resumes=88
2026-09-22T21:43:58.004514Z  INFO stream::session: signal="socket.backpressure" tick=2473 bound=500 paused_ms=0 resumes=89
2026-09-22T21:43:58.004599Z  INFO stream::session: signal="socket.backpressure" tick=2504 bound=500 paused_ms=0 resumes=90
2026-09-22T21:43:58.004697Z  INFO stream::session: signal="socket.backpressure" tick=2505 bound=500 paused_ms=0 resumes=91
2026-09-22T21:43:58.004821Z  INFO stream::session: signal="socket.backpressure" tick=2506 bound=500 paused_ms=0 resumes=92
2026-09-22T21:43:58.004879Z  INFO stream::session: signal="socket.backpressure" tick=2507 bound=500 paused_ms=0 resumes=93
2026-09-22T21:43:58.004949Z  INFO stream::session: signal="socket.backpressure" tick=2508 bound=500 paused_ms=0 resumes=94
2026-09-22T21:43:58.005025Z  INFO stream::session: signal="socket.backpressure" tick=2537 bound=500 paused_ms=0 resumes=95
2026-09-22T21:43:58.005093Z  INFO stream::session: signal="socket.backpressure" tick=2538 bound=500 paused_ms=0 resumes=96
2026-09-22T21:43:58.005184Z  INFO stream::session: signal="socket.backpressure" tick=2539 bound=500 paused_ms=0 resumes=97
2026-09-22T21:43:58.005290Z  INFO stream::session: signal="socket.backpressure" tick=2540 bound=500 paused_ms=0 resumes=98
2026-09-22T21:43:58.005384Z  INFO stream::session: signal="socket.backpressure" tick=2569 bound=500 paused_ms=0 resumes=99
2026-09-22T21:43:58.005447Z  INFO stream::session: signal="socket.backpressure" tick=2570 bound=500 paused_ms=0 resumes=100
2026-09-22T21:43:58.005595Z  INFO stream::session: signal="socket.backpressure" tick=2571 bound=500 paused_ms=0 resumes=101
2026-09-22T21:43:58.005648Z  INFO stream::session: signal="socket.backpressure" tick=2572 bound=500 paused_ms=0 resumes=102
2026-09-22T21:43:58.005687Z  INFO stream::session: signal="socket.backpressure" tick=2573 bound=500 paused_ms=0 resumes=103
2026-09-22T21:43:58.005733Z  INFO stream::session: signal="socket.backpressure" tick=2574 bound=500 paused_ms=0 resumes=104
2026-09-22T21:43:58.005759Z  INFO stream::session: signal="socket.backpressure" tick=2575 bound=500 paused_ms=0 resumes=105
2026-09-22T21:43:58.006152Z  INFO stream::session: signal="socket.backpressure" tick=2633 bound=500 paused_ms=0 resumes=106
2026-09-22T21:43:58.006227Z  INFO stream::session: signal="socket.backpressure" tick=2656 bound=500 paused_ms=0 resumes=107
2026-09-22T21:43:58.006342Z  INFO stream::session: signal="socket.backpressure" tick=2657 bound=500 paused_ms=0 resumes=108
2026-09-22T21:43:58.006374Z  INFO stream::session: signal="socket.backpressure" tick=2658 bound=500 paused_ms=0 resumes=109
2026-09-22T21:43:58.006410Z  INFO stream::session: signal="socket.backpressure" tick=2659 bound=500 paused_ms=0 resumes=110
2026-09-22T21:43:58.006478Z  INFO stream::session: signal="socket.backpressure" tick=2660 bound=500 paused_ms=0 resumes=111
2026-09-22T21:43:58.006502Z  INFO stream::session: signal="socket.backpressure" tick=2661 bound=500 paused_ms=0 resumes=112
2026-09-22T21:43:58.006596Z  INFO stream::session: signal="socket.backpressure" tick=2665 bound=500 paused_ms=0 resumes=113
2026-09-22T21:43:58.006697Z  INFO stream::session: signal="socket.backpressure" tick=2697 bound=500 paused_ms=0 resumes=114
2026-09-22T21:43:58.006923Z  INFO stream::session: signal="socket.backpressure" tick=2721 bound=500 paused_ms=0 resumes=115
2026-09-22T21:43:58.006996Z  INFO stream::session: signal="socket.backpressure" tick=2722 bound=500 paused_ms=0 resumes=116
2026-09-22T21:43:58.007075Z  INFO stream::session: signal="socket.backpressure" tick=2723 bound=500 paused_ms=0 resumes=117
2026-09-22T21:43:58.007518Z  INFO stream::session: signal="socket.backpressure" tick=2729 bound=500 paused_ms=0 resumes=118
2026-09-22T21:43:58.007803Z  INFO stream::session: signal="socket.backpressure" tick=2730 bound=500 paused_ms=0 resumes=119
2026-09-22T21:43:58.007972Z  INFO stream::session: signal="socket.backpressure" tick=2731 bound=500 paused_ms=0 resumes=120
2026-09-22T21:43:58.008668Z  INFO stream::session: signal="socket.backpressure" tick=2761 bound=500 paused_ms=0 resumes=121
2026-09-22T21:43:58.008741Z  INFO stream::session: signal="socket.backpressure" tick=2762 bound=500 paused_ms=0 resumes=122
2026-09-22T21:43:58.008848Z  INFO stream::session: signal="socket.backpressure" tick=2793 bound=500 paused_ms=0 resumes=123
2026-09-22T21:43:58.008917Z  INFO stream::session: signal="socket.backpressure" tick=2794 bound=500 paused_ms=0 resumes=124
2026-09-22T21:43:58.008967Z  INFO stream::session: signal="socket.backpressure" tick=2795 bound=500 paused_ms=0 resumes=125
2026-09-22T21:43:58.009011Z  INFO stream::session: signal="socket.backpressure" tick=2796 bound=500 paused_ms=0 resumes=126
2026-09-22T21:43:58.009089Z  INFO stream::session: signal="socket.backpressure" tick=2825 bound=500 paused_ms=0 resumes=127
2026-09-22T21:43:58.009416Z  INFO stream::session: signal="socket.backpressure" tick=2857 bound=500 paused_ms=0 resumes=128
2026-09-22T21:43:58.009428Z  INFO stream::session: signal="socket.backpressure" tick=2858 bound=500 paused_ms=0 resumes=129
2026-09-22T21:43:58.009496Z  INFO stream::session: signal="socket.backpressure" tick=2889 bound=500 paused_ms=0 resumes=130
2026-09-22T21:43:58.009518Z  INFO stream::session: signal="socket.backpressure" tick=2890 bound=500 paused_ms=0 resumes=131
2026-09-22T21:43:58.009549Z  INFO stream::session: signal="socket.backpressure" tick=2891 bound=500 paused_ms=0 resumes=132
2026-09-22T21:43:58.009746Z  INFO stream::session: signal="socket.backpressure" tick=2953 bound=500 paused_ms=0 resumes=133
2026-09-22T21:43:58.009829Z  INFO stream::session: signal="socket.backpressure" tick=2985 bound=500 paused_ms=0 resumes=134
2026-09-22T21:43:58.010051Z  INFO stream::session: signal="socket.backpressure" tick=2986 bound=500 paused_ms=0 resumes=135
2026-09-22T21:43:58.010101Z  INFO stream::session: signal="socket.backpressure" tick=2987 bound=500 paused_ms=0 resumes=136
2026-09-22T21:43:58.010127Z  INFO stream::session: signal="socket.backpressure" tick=2988 bound=500 paused_ms=0 resumes=137
2026-09-22T21:43:58.010148Z  INFO stream::session: signal="socket.backpressure" tick=2989 bound=500 paused_ms=0 resumes=138
2026-09-22T21:43:58.010165Z  INFO stream::session: signal="socket.backpressure" tick=2990 bound=500 paused_ms=0 resumes=139
2026-09-22T21:43:58.010219Z  INFO stream::session: signal="socket.backpressure" tick=3017 bound=500 paused_ms=0 resumes=140
2026-09-22T21:43:58.010496Z  INFO stream::session: signal="socket.backpressure" tick=3049 bound=500 paused_ms=0 resumes=141
2026-09-22T21:43:58.010531Z  INFO stream::session: signal="socket.backpressure" tick=3050 bound=500 paused_ms=0 resumes=142
2026-09-22T21:43:58.010891Z  INFO stream::session: signal="socket.backpressure" tick=3081 bound=500 paused_ms=0 resumes=143
2026-09-22T21:43:58.012669Z  INFO stream::session: signal="socket.backpressure" tick=3082 bound=500 paused_ms=1 resumes=144
2026-09-22T21:43:58.012973Z  INFO stream::session: signal="socket.backpressure" tick=3083 bound=500 paused_ms=0 resumes=145
2026-09-22T21:43:58.013059Z  INFO stream::session: signal="socket.backpressure" tick=3084 bound=500 paused_ms=0 resumes=146
2026-09-22T21:43:58.013635Z  INFO stream::session: signal="socket.backpressure" tick=3085 bound=500 paused_ms=0 resumes=147
2026-09-22T21:43:58.013889Z  INFO stream::session: signal="socket.backpressure" tick=3086 bound=500 paused_ms=0 resumes=148
2026-09-22T21:43:58.013999Z  INFO stream::session: signal="socket.backpressure" tick=3087 bound=500 paused_ms=0 resumes=149
2026-09-22T21:43:58.014234Z  INFO stream::session: signal="socket.backpressure" tick=3088 bound=500 paused_ms=0 resumes=150
2026-09-22T21:43:58.014324Z  INFO stream::session: signal="socket.backpressure" tick=3089 bound=500 paused_ms=0 resumes=151
2026-09-22T21:43:58.014415Z  INFO stream::session: signal="socket.backpressure" tick=3090 bound=500 paused_ms=0 resumes=152
2026-09-22T21:43:58.014437Z  INFO stream::session: signal="socket.backpressure" tick=3092 bound=500 paused_ms=0 resumes=153
2026-09-22T21:43:58.014462Z  INFO stream::session: signal="socket.backpressure" tick=3093 bound=500 paused_ms=0 resumes=154
2026-09-22T21:43:58.014726Z  INFO stream::session: signal="socket.backpressure" tick=3094 bound=500 paused_ms=0 resumes=155
2026-09-22T21:43:58.014838Z  INFO stream::session: signal="socket.backpressure" tick=3095 bound=500 paused_ms=0 resumes=156
2026-09-22T21:43:58.015159Z  INFO stream::session: signal="socket.backpressure" tick=3096 bound=500 paused_ms=0 resumes=157
2026-09-22T21:43:58.015305Z  INFO stream::session: signal="socket.backpressure" tick=3113 bound=500 paused_ms=0 resumes=158
2026-09-22T21:43:58.015430Z  INFO stream::session: signal="socket.backpressure" tick=3114 bound=500 paused_ms=0 resumes=159
2026-09-22T21:43:58.015610Z  INFO stream::session: signal="socket.backpressure" tick=3136 bound=500 paused_ms=0 resumes=160
2026-09-22T21:43:58.016002Z  INFO stream::session: signal="socket.backpressure" tick=3145 bound=500 paused_ms=0 resumes=161
2026-09-22T21:43:58.016093Z  INFO stream::session: signal="socket.backpressure" tick=3146 bound=500 paused_ms=0 resumes=162
2026-09-22T21:43:58.016740Z  INFO stream::session: signal="socket.backpressure" tick=3177 bound=500 paused_ms=0 resumes=163
2026-09-22T21:43:58.016839Z  INFO stream::session: signal="socket.backpressure" tick=3178 bound=500 paused_ms=0 resumes=164
2026-09-22T21:43:58.016918Z  INFO stream::session: signal="socket.backpressure" tick=3179 bound=500 paused_ms=0 resumes=165
2026-09-22T21:43:58.017060Z  INFO stream::session: signal="socket.backpressure" tick=3180 bound=500 paused_ms=0 resumes=166
2026-09-22T21:43:58.020321Z  INFO stream::session: signal="socket.backpressure" tick=3181 bound=500 paused_ms=3 resumes=167
2026-09-22T21:43:58.020408Z  INFO stream::session: signal="socket.backpressure" tick=3182 bound=500 paused_ms=0 resumes=168
2026-09-22T21:43:58.020487Z  INFO stream::session: signal="socket.backpressure" tick=3209 bound=500 paused_ms=0 resumes=169
2026-09-22T21:43:58.020636Z  INFO stream::session: signal="socket.backpressure" tick=3210 bound=500 paused_ms=0 resumes=170
2026-09-22T21:43:58.020786Z  INFO stream::session: signal="socket.backpressure" tick=3211 bound=500 paused_ms=0 resumes=171
2026-09-22T21:43:58.020826Z  INFO stream::session: signal="socket.backpressure" tick=3212 bound=500 paused_ms=0 resumes=172
2026-09-22T21:43:58.020940Z  INFO stream::session: signal="socket.backpressure" tick=3213 bound=500 paused_ms=0 resumes=173
2026-09-22T21:43:58.021262Z  INFO stream::session: signal="socket.backpressure" tick=3241 bound=500 paused_ms=0 resumes=174
2026-09-22T21:43:58.021333Z  INFO stream::session: signal="socket.backpressure" tick=3242 bound=500 paused_ms=0 resumes=175
2026-09-22T21:43:58.021589Z  INFO stream::session: signal="socket.backpressure" tick=3273 bound=500 paused_ms=0 resumes=176
2026-09-22T21:43:58.021682Z  INFO stream::session: signal="socket.backpressure" tick=3305 bound=500 paused_ms=0 resumes=177
2026-09-22T21:43:58.021751Z  INFO stream::session: signal="socket.backpressure" tick=3306 bound=500 paused_ms=0 resumes=178
2026-09-22T21:43:58.021871Z  INFO stream::session: signal="socket.backpressure" tick=3307 bound=500 paused_ms=0 resumes=179
2026-09-22T21:43:58.021931Z  INFO stream::session: signal="socket.backpressure" tick=3308 bound=500 paused_ms=0 resumes=180
2026-09-22T21:43:58.022071Z  INFO stream::session: signal="socket.backpressure" tick=3337 bound=500 paused_ms=0 resumes=181
2026-09-22T21:43:58.022232Z  INFO stream::session: signal="socket.backpressure" tick=3338 bound=500 paused_ms=0 resumes=182
2026-09-22T21:43:58.022397Z  INFO stream::session: signal="socket.backpressure" tick=3339 bound=500 paused_ms=0 resumes=183
2026-09-22T21:43:58.022536Z  INFO stream::session: signal="socket.backpressure" tick=3340 bound=500 paused_ms=0 resumes=184
2026-09-22T21:43:58.022628Z  INFO stream::session: signal="socket.backpressure" tick=3369 bound=500 paused_ms=0 resumes=185
2026-09-22T21:43:58.022736Z  INFO stream::session: signal="socket.backpressure" tick=3370 bound=500 paused_ms=0 resumes=186
2026-09-22T21:43:58.022797Z  INFO stream::session: signal="socket.backpressure" tick=3392 bound=500 paused_ms=0 resumes=187
2026-09-22T21:43:58.022858Z  INFO stream::session: signal="socket.backpressure" tick=3401 bound=500 paused_ms=0 resumes=188
2026-09-22T21:43:58.023022Z  INFO stream::session: signal="socket.backpressure" tick=3402 bound=500 paused_ms=0 resumes=189
2026-09-22T21:43:58.023113Z  INFO stream::session: signal="socket.backpressure" tick=3433 bound=500 paused_ms=0 resumes=190
2026-09-22T21:43:58.023222Z  INFO stream::session: signal="socket.backpressure" tick=3434 bound=500 paused_ms=0 resumes=191
2026-09-22T21:43:58.023322Z  INFO stream::session: signal="socket.backpressure" tick=3465 bound=500 paused_ms=0 resumes=192
2026-09-22T21:43:58.023481Z  INFO stream::session: signal="socket.backpressure" tick=3466 bound=500 paused_ms=0 resumes=193
2026-09-22T21:43:58.023550Z  INFO stream::session: signal="socket.backpressure" tick=3497 bound=500 paused_ms=0 resumes=194
2026-09-22T21:43:58.023557Z  INFO stream::session: signal="socket.backpressure" tick=3498 bound=500 paused_ms=0 resumes=195
2026-09-22T21:43:58.023726Z  INFO stream::session: signal="socket.backpressure" tick=3529 bound=500 paused_ms=0 resumes=196
2026-09-22T21:43:58.023943Z  INFO stream::session: signal="socket.backpressure" tick=3593 bound=500 paused_ms=0 resumes=197
2026-09-22T21:43:58.024015Z  INFO stream::session: signal="socket.backpressure" tick=3594 bound=500 paused_ms=0 resumes=198
2026-09-22T21:43:58.024097Z  INFO stream::session: signal="socket.backpressure" tick=3595 bound=500 paused_ms=0 resumes=199
2026-09-22T21:43:58.024180Z  INFO stream::session: signal="socket.backpressure" tick=3625 bound=500 paused_ms=0 resumes=200
2026-09-22T21:43:58.024244Z  INFO stream::session: signal="socket.backpressure" tick=3626 bound=500 paused_ms=0 resumes=201
2026-09-22T21:43:58.033719Z  INFO stream::session: signal="socket.backpressure" tick=6398 bound=500 paused_ms=4 resumes=202
2026-09-22T21:43:58.033769Z  INFO stream::session: signal="socket.backpressure" tick=6399 bound=500 paused_ms=0 resumes=203
2026-09-22T21:43:58.033831Z  INFO stream::session: signal="socket.backpressure" tick=6400 bound=500 paused_ms=0 resumes=204
2026-09-22T21:43:58.033847Z  INFO stream::session: signal="socket.backpressure" tick=6401 bound=500 paused_ms=0 resumes=205
2026-09-22T21:43:58.033859Z  INFO stream::session: signal="socket.backpressure" tick=6402 bound=500 paused_ms=0 resumes=206
2026-09-22T21:43:58.033875Z  INFO stream::session: signal="socket.backpressure" tick=6403 bound=500 paused_ms=0 resumes=207
2026-09-22T21:43:58.035180Z  INFO stream::session: signal="socket.backpressure" tick=6404 bound=500 paused_ms=1 resumes=208
2026-09-22T21:43:58.035249Z  INFO stream::session: signal="socket.backpressure" tick=6405 bound=500 paused_ms=0 resumes=209
2026-09-22T21:43:58.053516Z  INFO stream::session: signal="socket.backpressure" tick=12974 bound=500 paused_ms=5 resumes=210
2026-09-22T21:43:58.055432Z  INFO stream::session: signal="socket.backpressure" tick=14076 bound=500 paused_ms=0 resumes=211
2026-09-22T21:43:58.055453Z  INFO stream::session: signal="socket.backpressure" tick=14077 bound=500 paused_ms=0 resumes=212
2026-09-22T21:43:58.055466Z  INFO stream::session: signal="socket.backpressure" tick=14078 bound=500 paused_ms=0 resumes=213
2026-09-22T21:43:58.055480Z  INFO stream::session: signal="socket.backpressure" tick=14079 bound=500 paused_ms=0 resumes=214
2026-09-22T21:43:58.055492Z  INFO stream::session: signal="socket.backpressure" tick=14080 bound=500 paused_ms=0 resumes=215
2026-09-22T21:43:58.061812Z  INFO stream::session: signal="socket.backpressure" tick=15539 bound=500 paused_ms=3 resumes=216
2026-09-22T21:43:58.064061Z  INFO stream::session: signal="socket.backpressure" tick=16243 bound=500 paused_ms=0 resumes=217
2026-09-22T21:43:58.064111Z  INFO stream::session: signal="socket.backpressure" tick=16244 bound=500 paused_ms=0 resumes=218
2026-09-22T21:43:58.064245Z  INFO stream::session: signal="socket.backpressure" tick=16298 bound=500 paused_ms=0 resumes=219
2026-09-22T21:43:58.064376Z  INFO stream::session: signal="socket.backpressure" tick=16307 bound=500 paused_ms=0 resumes=220
2026-09-22T21:43:58.066114Z  INFO stream::session: signal="socket.backpressure" tick=16308 bound=500 paused_ms=1 resumes=221
2026-09-22T21:43:58.066173Z  INFO stream::session: signal="socket.backpressure" tick=16309 bound=500 paused_ms=0 resumes=222
2026-09-22T21:43:58.066444Z  INFO stream::session: signal="socket.backpressure" tick=16310 bound=500 paused_ms=0 resumes=223
2026-09-22T21:43:58.066625Z  INFO stream::session: signal="socket.backpressure" tick=16311 bound=500 paused_ms=0 resumes=224
2026-09-22T21:43:58.066797Z  INFO stream::session: signal="socket.backpressure" tick=16312 bound=500 paused_ms=0 resumes=225
2026-09-22T21:43:58.067028Z  INFO stream::session: signal="socket.backpressure" tick=16313 bound=500 paused_ms=0 resumes=226
2026-09-22T21:43:58.070936Z  INFO stream::session: signal="socket.backpressure" tick=16314 bound=500 paused_ms=3 resumes=227
2026-09-22T21:43:58.071933Z  INFO stream::session: signal="socket.backpressure" tick=16315 bound=500 paused_ms=0 resumes=228
2026-09-22T21:43:58.072116Z  INFO stream::session: signal="socket.backpressure" tick=16316 bound=500 paused_ms=0 resumes=229
2026-09-22T21:43:58.079915Z  INFO stream::session: signal="socket.backpressure" tick=19357 bound=500 paused_ms=2 resumes=230
2026-09-22T21:43:58.100766Z  INFO stream::session: signal="socket.backpressure" tick=23214 bound=500 paused_ms=14 resumes=231
2026-09-22T21:43:58.119208Z  INFO stream::session: signal="socket.backpressure" tick=25755 bound=500 paused_ms=12 resumes=232
2026-09-22T21:43:58.139755Z  INFO stream::session: signal="socket.backpressure" tick=28324 bound=500 paused_ms=16 resumes=233
2026-09-22T21:43:58.158773Z  INFO stream::session: signal="socket.backpressure" tick=30889 bound=500 paused_ms=14 resumes=234
2026-09-22T21:43:58.178079Z  INFO stream::session: signal="socket.backpressure" tick=33451 bound=500 paused_ms=15 resumes=235
2026-09-22T21:43:58.197836Z  INFO stream::session: signal="socket.backpressure" tick=36015 bound=500 paused_ms=14 resumes=236
2026-09-22T21:43:58.218527Z  INFO stream::session: signal="socket.backpressure" tick=38565 bound=500 paused_ms=16 resumes=237
2026-09-22T21:43:58.237762Z  INFO stream::session: signal="socket.backpressure" tick=41135 bound=500 paused_ms=15 resumes=238
2026-09-22T21:43:58.256803Z  INFO stream::session: signal="socket.backpressure" tick=43701 bound=500 paused_ms=13 resumes=239
2026-09-22T21:43:58.277241Z  INFO stream::session: signal="socket.backpressure" tick=46239 bound=500 paused_ms=16 resumes=240
2026-09-22T21:43:58.295805Z  INFO stream::session: signal="socket.backpressure" tick=48809 bound=500 paused_ms=14 resumes=241
2026-09-22T21:43:58.296980Z  INFO stream::session: signal="socket.backpressure" tick=49372 bound=500 paused_ms=0 resumes=242
2026-09-22T21:43:58.299312Z  INFO stream::session: signal="socket.backpressure" tick=50495 bound=500 paused_ms=0 resumes=243
2026-09-22T21:43:58.313936Z  INFO stream::session: signal="socket.backpressure" tick=51373 bound=500 paused_ms=12 resumes=244
2026-09-22T21:43:58.332668Z  INFO stream::session: signal="socket.backpressure" tick=53940 bound=500 paused_ms=13 resumes=245
2026-09-22T21:43:58.351256Z  INFO stream::session: signal="socket.backpressure" tick=56480 bound=500 paused_ms=14 resumes=246
2026-09-22T21:43:58.370196Z  INFO stream::session: signal="socket.backpressure" tick=59078 bound=500 paused_ms=14 resumes=247
2026-09-22T21:43:58.375413Z  INFO stream::session: signal="socket.backpressure" tick=61545 bound=500 paused_ms=0 resumes=248
2026-09-22T21:43:58.375502Z  INFO stream::session: signal="socket.backpressure" tick=61546 bound=500 paused_ms=0 resumes=249
2026-09-22T21:43:58.390434Z  INFO stream::session: signal="socket.backpressure" tick=61588 bound=500 paused_ms=14 resumes=250
2026-09-22T21:43:58.410674Z  INFO stream::session: signal="socket.backpressure" tick=64156 bound=500 paused_ms=12 resumes=251
2026-09-22T21:43:58.414126Z  INFO stream::session: signal="socket.backpressure" tick=66021 bound=500 paused_ms=0 resumes=252
2026-09-22T21:43:58.414215Z  INFO stream::session: signal="socket.backpressure" tick=66022 bound=500 paused_ms=0 resumes=253
2026-09-22T21:43:58.432786Z  INFO stream::session: signal="socket.backpressure" tick=66725 bound=500 paused_ms=16 resumes=254
2026-09-22T21:43:58.455029Z  INFO stream::session: signal="socket.backpressure" tick=69263 bound=500 paused_ms=17 resumes=255
2026-09-22T21:43:58.474165Z  INFO stream::session: signal="socket.backpressure" tick=71832 bound=500 paused_ms=13 resumes=256
2026-09-22T21:43:58.475217Z  INFO stream::session: signal="socket.backpressure" tick=72370 bound=500 paused_ms=0 resumes=257
2026-09-22T21:43:58.495909Z  INFO stream::session: signal="socket.backpressure" tick=74398 bound=500 paused_ms=17 resumes=258
2026-09-22T21:43:58.499411Z  INFO stream::session: signal="socket.backpressure" tick=75820 bound=500 paused_ms=1 resumes=259
2026-09-22T21:43:58.501733Z  INFO stream::session: signal="socket.backpressure" tick=75916 bound=500 paused_ms=1 resumes=260
2026-09-22T21:43:58.501857Z  INFO stream::session: signal="socket.backpressure" tick=75917 bound=500 paused_ms=0 resumes=261
2026-09-22T21:43:58.501976Z  INFO stream::session: signal="socket.backpressure" tick=75918 bound=500 paused_ms=0 resumes=262
2026-09-22T21:43:58.502092Z  INFO stream::session: signal="socket.backpressure" tick=75919 bound=500 paused_ms=0 resumes=263
2026-09-22T21:43:58.502171Z  INFO stream::session: signal="socket.backpressure" tick=75920 bound=500 paused_ms=0 resumes=264
2026-09-22T21:43:58.502527Z  INFO stream::session: signal="socket.backpressure" tick=75921 bound=500 paused_ms=0 resumes=265
2026-09-22T21:43:58.503202Z  INFO stream::session: signal="socket.backpressure" tick=75922 bound=500 paused_ms=0 resumes=266
2026-09-22T21:43:58.503515Z  INFO stream::session: signal="socket.backpressure" tick=75923 bound=500 paused_ms=0 resumes=267
2026-09-22T21:43:58.503580Z  INFO stream::session: signal="socket.backpressure" tick=75924 bound=500 paused_ms=0 resumes=268
2026-09-22T21:43:58.503763Z  INFO stream::session: signal="socket.backpressure" tick=75925 bound=500 paused_ms=0 resumes=269
2026-09-22T21:43:58.503912Z  INFO stream::session: signal="socket.backpressure" tick=75926 bound=500 paused_ms=0 resumes=270
2026-09-22T21:43:58.504049Z  INFO stream::session: signal="socket.backpressure" tick=75927 bound=500 paused_ms=0 resumes=271
2026-09-22T21:43:58.515376Z  INFO stream::session: signal="socket.backpressure" tick=76943 bound=500 paused_ms=9 resumes=272
2026-09-22T21:43:58.534530Z  INFO stream::session: signal="socket.backpressure" tick=79514 bound=500 paused_ms=14 resumes=273
2026-09-22T21:43:58.534591Z  INFO stream::session: signal="socket.backpressure" tick=79515 bound=500 paused_ms=0 resumes=274
2026-09-22T21:43:58.538870Z  INFO stream::session: signal="socket.backpressure" tick=81793 bound=500 paused_ms=0 resumes=275
2026-09-22T21:43:58.552768Z  INFO stream::session: signal="socket.backpressure" tick=82080 bound=500 paused_ms=13 resumes=276
2026-09-22T21:43:58.571350Z  INFO stream::session: signal="socket.backpressure" tick=84620 bound=500 paused_ms=13 resumes=277
2026-09-22T21:43:58.593811Z  INFO stream::session: signal="socket.backpressure" tick=87204 bound=500 paused_ms=18 resumes=278
2026-09-22T21:43:58.612553Z  INFO stream::session: signal="socket.backpressure" tick=89756 bound=500 paused_ms=14 resumes=279
2026-09-22T21:43:58.631486Z  INFO stream::session: signal="socket.backpressure" tick=92296 bound=500 paused_ms=14 resumes=280
2026-09-22T21:43:58.651414Z  INFO stream::session: signal="socket.backpressure" tick=94877 bound=500 paused_ms=14 resumes=281
2026-09-22T21:43:58.661437Z  INFO stream::session: signal="socket.backpressure" tick=95669 bound=500 paused_ms=7 resumes=282
2026-09-22T21:43:58.671360Z  INFO stream::session: signal="socket.backpressure" tick=97414 bound=500 paused_ms=7 resumes=283
2026-09-22T21:43:58.674076Z  INFO stream::session: signal="socket.backpressure" tick=98756 bound=500 paused_ms=0 resumes=284
2026-09-22T21:43:58.690178Z  INFO stream::session: signal="socket.backpressure" tick=99984 bound=500 paused_ms=14 resumes=285
2026-09-22T21:43:58.709092Z  INFO stream::session: signal="socket.backpressure" tick=102560 bound=500 paused_ms=14 resumes=286
2026-09-22T21:43:58.727225Z  INFO stream::session: signal="socket.backpressure" tick=105099 bound=500 paused_ms=13 resumes=287
2026-09-22T21:43:58.748307Z  INFO stream::session: signal="socket.backpressure" tick=107682 bound=500 paused_ms=15 resumes=288
2026-09-22T21:43:58.766862Z  INFO stream::session: signal="socket.backpressure" tick=110221 bound=500 paused_ms=14 resumes=289
2026-09-22T21:43:58.786164Z  INFO stream::session: signal="socket.backpressure" tick=112785 bound=500 paused_ms=15 resumes=290
2026-09-22T21:43:58.804778Z  INFO stream::session: signal="socket.backpressure" tick=115351 bound=500 paused_ms=14 resumes=291
2026-09-22T21:43:58.823174Z  INFO stream::session: signal="socket.backpressure" tick=117913 bound=500 paused_ms=14 resumes=292
2026-09-22T21:43:58.842238Z  INFO stream::session: signal="socket.backpressure" tick=120478 bound=500 paused_ms=14 resumes=293
2026-09-22T21:43:58.863735Z  INFO stream::session: signal="socket.backpressure" tick=123039 bound=500 paused_ms=16 resumes=294
2026-09-22T21:43:58.884512Z  INFO stream::session: signal="socket.backpressure" tick=125584 bound=500 paused_ms=15 resumes=295
2026-09-22T21:43:58.884591Z  INFO stream::session: signal="socket.backpressure" tick=125585 bound=500 paused_ms=0 resumes=296
2026-09-22T21:43:58.888877Z  INFO stream::session: signal="socket.backpressure" tick=127838 bound=500 paused_ms=0 resumes=297
2026-09-22T21:43:58.903520Z  INFO stream::session: signal="socket.backpressure" tick=128157 bound=500 paused_ms=12 resumes=298
2026-09-22T21:43:58.922598Z  INFO stream::session: signal="socket.backpressure" tick=130691 bound=500 paused_ms=15 resumes=299
2026-09-22T21:43:58.925338Z  INFO stream::session: signal="socket.backpressure" tick=132270 bound=500 paused_ms=0 resumes=300
2026-09-22T21:43:58.946452Z  INFO stream::session: signal="socket.backpressure" tick=133262 bound=500 paused_ms=19 resumes=301
2026-09-22T21:43:58.949368Z  INFO engine::rules: signal="rules.added_time" half=0 tally_s=42 variance_s=7.0 added_s=60 announced_min=1
2026-09-22T21:43:58.964433Z  INFO stream::session: signal="socket.backpressure" tick=135827 bound=500 paused_ms=13 resumes=302
2026-09-22T21:43:58.985107Z  INFO stream::session: signal="socket.backpressure" tick=138359 bound=500 paused_ms=14 resumes=303
2026-09-22T21:43:59.003374Z  INFO stream::session: signal="socket.backpressure" tick=140938 bound=500 paused_ms=13 resumes=304
2026-09-22T21:43:59.021900Z  INFO stream::session: signal="socket.backpressure" tick=143475 bound=500 paused_ms=14 resumes=305
2026-09-22T21:43:59.039737Z  INFO stream::session: signal="socket.backpressure" tick=146041 bound=500 paused_ms=13 resumes=306
2026-09-22T21:43:59.057508Z  INFO stream::session: signal="socket.backpressure" tick=148605 bound=500 paused_ms=13 resumes=307
2026-09-22T21:43:59.075319Z  INFO stream::session: signal="socket.backpressure" tick=151194 bound=500 paused_ms=13 resumes=308
2026-09-22T21:43:59.093518Z  INFO stream::session: signal="socket.backpressure" tick=153731 bound=500 paused_ms=12 resumes=309
2026-09-22T21:43:59.111218Z  INFO stream::session: signal="socket.backpressure" tick=156284 bound=500 paused_ms=12 resumes=310
2026-09-22T21:43:59.129980Z  INFO stream::session: signal="socket.backpressure" tick=158844 bound=500 paused_ms=12 resumes=311
2026-09-22T21:43:59.147645Z  INFO stream::session: signal="socket.backpressure" tick=161383 bound=500 paused_ms=13 resumes=312
2026-09-22T21:43:59.165683Z  INFO stream::session: signal="socket.backpressure" tick=163960 bound=500 paused_ms=13 resumes=313
2026-09-22T21:43:59.185933Z  INFO stream::session: signal="socket.backpressure" tick=166497 bound=500 paused_ms=14 resumes=314
2026-09-22T21:43:59.203706Z  INFO stream::session: signal="socket.backpressure" tick=169064 bound=500 paused_ms=13 resumes=315
2026-09-22T21:43:59.207859Z  WARN engine::rules: signal="rules.dead_ball_stalled" tick=171104 kind="free_kick" team.id=club-00000001-00 waited_ticks=1200 taker_distance_m=0.0
2026-09-22T21:43:59.222979Z  INFO stream::session: signal="socket.backpressure" tick=171615 bound=500 paused_ms=14 resumes=316
2026-09-22T21:43:59.245088Z  INFO stream::session: signal="socket.backpressure" tick=174180 bound=500 paused_ms=17 resumes=317
2026-09-22T21:43:59.263664Z  INFO stream::session: signal="socket.backpressure" tick=176744 bound=500 paused_ms=14 resumes=318
2026-09-22T21:43:59.265522Z  INFO stream::session: signal="socket.backpressure" tick=177648 bound=500 paused_ms=0 resumes=319
2026-09-22T21:43:59.281798Z  INFO stream::session: signal="socket.backpressure" tick=179307 bound=500 paused_ms=13 resumes=320
2026-09-22T21:43:59.300075Z  INFO stream::session: signal="socket.backpressure" tick=181872 bound=500 paused_ms=13 resumes=321
2026-09-22T21:43:59.318696Z  INFO stream::session: signal="socket.backpressure" tick=184425 bound=500 paused_ms=13 resumes=322
2026-09-22T21:43:59.319643Z  WARN engine::rules: signal="rules.dead_ball_stalled" tick=185084 kind="free_kick" team.id=club-00000001-00 waited_ticks=1200 taker_distance_m=0.0
2026-09-22T21:43:59.337570Z  INFO stream::session: signal="socket.backpressure" tick=186988 bound=500 paused_ms=14 resumes=323
2026-09-22T21:43:59.356255Z  INFO stream::session: signal="socket.backpressure" tick=189561 bound=500 paused_ms=14 resumes=324
2026-09-22T21:43:59.374614Z  INFO stream::session: signal="socket.backpressure" tick=192099 bound=500 paused_ms=14 resumes=325
2026-09-22T21:43:59.393217Z  INFO stream::session: signal="socket.backpressure" tick=194693 bound=500 paused_ms=14 resumes=326
2026-09-22T21:43:59.411370Z  INFO stream::session: signal="socket.backpressure" tick=197231 bound=500 paused_ms=13 resumes=327
2026-09-22T21:43:59.429008Z  INFO stream::session: signal="socket.backpressure" tick=199794 bound=500 paused_ms=13 resumes=328
2026-09-22T21:43:59.447198Z  INFO stream::session: signal="socket.backpressure" tick=202355 bound=500 paused_ms=14 resumes=329
2026-09-22T21:43:59.465603Z  INFO stream::session: signal="socket.backpressure" tick=204919 bound=500 paused_ms=12 resumes=330
2026-09-22T21:43:59.484171Z  INFO stream::session: signal="socket.backpressure" tick=207468 bound=500 paused_ms=12 resumes=331
2026-09-22T21:43:59.511546Z  INFO stream::session: signal="socket.backpressure" tick=210030 bound=500 paused_ms=22 resumes=332
2026-09-22T21:43:59.530156Z  INFO stream::session: signal="socket.backpressure" tick=212603 bound=500 paused_ms=11 resumes=333
2026-09-22T21:43:59.548339Z  INFO stream::session: signal="socket.backpressure" tick=215152 bound=500 paused_ms=13 resumes=334
2026-09-22T21:43:59.566429Z  INFO stream::session: signal="socket.backpressure" tick=217703 bound=500 paused_ms=13 resumes=335
2026-09-22T21:43:59.584908Z  INFO stream::session: signal="socket.backpressure" tick=220250 bound=500 paused_ms=12 resumes=336
2026-09-22T21:43:59.603431Z  INFO stream::session: signal="socket.backpressure" tick=222823 bound=500 paused_ms=12 resumes=337
2026-09-22T21:43:59.621698Z  INFO stream::session: signal="socket.backpressure" tick=225380 bound=500 paused_ms=14 resumes=338
2026-09-22T21:43:59.639986Z  INFO stream::session: signal="socket.backpressure" tick=227938 bound=500 paused_ms=12 resumes=339
2026-09-22T21:43:59.658315Z  INFO stream::session: signal="socket.backpressure" tick=230501 bound=500 paused_ms=14 resumes=340
2026-09-22T21:43:59.676214Z  INFO stream::session: signal="socket.backpressure" tick=233066 bound=500 paused_ms=13 resumes=341
2026-09-22T21:43:59.680378Z  INFO stream::session: signal="socket.backpressure" tick=234970 bound=500 paused_ms=1 resumes=342
2026-09-22T21:43:59.693998Z  INFO stream::session: signal="socket.backpressure" tick=235610 bound=500 paused_ms=12 resumes=343
2026-09-22T21:43:59.712634Z  INFO stream::session: signal="socket.backpressure" tick=238186 bound=500 paused_ms=14 resumes=344
2026-09-22T21:43:59.730924Z  INFO stream::session: signal="socket.backpressure" tick=240730 bound=500 paused_ms=14 resumes=345
2026-09-22T21:43:59.735727Z  INFO stream::session: signal="socket.backpressure" tick=242700 bound=500 paused_ms=0 resumes=346
2026-09-22T21:43:59.735812Z  INFO stream::session: signal="socket.backpressure" tick=242701 bound=500 paused_ms=0 resumes=347
2026-09-22T21:43:59.736045Z  INFO stream::session: signal="socket.backpressure" tick=242797 bound=500 paused_ms=0 resumes=348
2026-09-22T21:43:59.736097Z  INFO stream::session: signal="socket.backpressure" tick=242798 bound=500 paused_ms=0 resumes=349
2026-09-22T21:43:59.748776Z  INFO stream::session: signal="socket.backpressure" tick=243308 bound=500 paused_ms=11 resumes=350
2026-09-22T21:43:59.767864Z  INFO stream::session: signal="socket.backpressure" tick=245846 bound=500 paused_ms=14 resumes=351
2026-09-22T21:43:59.786660Z  INFO stream::session: signal="socket.backpressure" tick=248416 bound=500 paused_ms=14 resumes=352
2026-09-22T21:43:59.805439Z  INFO stream::session: signal="socket.backpressure" tick=250977 bound=500 paused_ms=14 resumes=353
2026-09-22T21:43:59.809118Z  INFO stream::session: signal="socket.backpressure" tick=252256 bound=500 paused_ms=0 resumes=354
2026-09-22T21:43:59.824856Z  INFO stream::session: signal="socket.backpressure" tick=253533 bound=500 paused_ms=13 resumes=355
2026-09-22T21:43:59.845233Z  INFO stream::session: signal="socket.backpressure" tick=256086 bound=500 paused_ms=14 resumes=356
2026-09-22T21:43:59.863935Z  INFO stream::session: signal="socket.backpressure" tick=258663 bound=500 paused_ms=14 resumes=357
2026-09-22T21:43:59.883244Z  INFO stream::session: signal="socket.backpressure" tick=261200 bound=500 paused_ms=13 resumes=358
2026-09-22T21:43:59.884558Z  WARN engine::rules: signal="rules.dead_ball_stalled" tick=261967 kind="free_kick" team.id=club-00000001-00 waited_ticks=1200 taker_distance_m=0.0
2026-09-22T21:43:59.902039Z  INFO stream::session: signal="socket.backpressure" tick=263775 bound=500 paused_ms=14 resumes=359
2026-09-22T21:43:59.920304Z  INFO stream::session: signal="socket.backpressure" tick=266321 bound=500 paused_ms=14 resumes=360
2026-09-22T21:43:59.922814Z  INFO stream::session: signal="socket.backpressure" tick=267675 bound=500 paused_ms=0 resumes=361
2026-09-22T21:43:59.939521Z  INFO stream::session: signal="socket.backpressure" tick=268858 bound=500 paused_ms=14 resumes=362
2026-09-22T21:43:59.957925Z  INFO stream::session: signal="socket.backpressure" tick=271428 bound=500 paused_ms=14 resumes=363
2026-09-22T21:43:59.960464Z  INFO engine::rules: signal="rules.added_time" half=1 tally_s=64 variance_s=-2.0 added_s=62 announced_min=2
2026-09-22T21:43:59.976710Z  INFO stream::session: signal="socket.backpressure" tick=274012 bound=500 paused_ms=14 resumes=364
2026-09-22T21:43:59.995368Z  INFO engine_cli::serve: signal="socket.session_closed" ticks=276100 high_water=502 bound=500 pauses=364 paused_ms=1405

exit 0
