2026-09-22T18:20:55.419070Z  INFO engine::data: signal="content.loaded" kind="attributes" path="attributes.json" schema_version=1 bytes=1884 hash=096020d4ab81
2026-09-22T18:20:55.419207Z  INFO engine::data: signal="content.loaded" kind="tuning" path="tuning.json" schema_version=1 bytes=3891 hash=0f5d068f7d43
2026-09-22T18:20:55.419280Z  INFO engine::data: signal="content.loaded" kind="rules" path="rules/default.json" schema_version=1 bytes=858 hash=6ebfdf131295
2026-09-22T18:20:55.419494Z  INFO engine::data: signal="content.loaded" kind="team" path="teams/default-a.json" schema_version=1 bytes=23735 hash=c4154f222b4e
2026-09-22T18:20:55.419692Z  INFO engine::data: signal="content.loaded" kind="team" path="teams/default-b.json" schema_version=1 bytes=23734 hash=62e16684340a
2026-09-22T18:20:55.422119Z  INFO stream::server: signal="socket.listening" port=60154 protocol_version=1 match_id=000000000000002a-1790101255419
60154
2026-09-22T18:20:55.423224Z  INFO engine_cli::web: signal="web.serving" dir=web files=31 isolated=true port=60155
http://127.0.0.1:60155/
2026-09-22T18:20:55.544652Z  INFO stream::server: signal="socket.client" origin=http://127.0.0.1:60155 protocol_version=1 match_id=000000000000002a-1790101255419
2026-09-22T18:20:55.547407Z  INFO stream::session: signal="socket.backpressure" tick=864 bound=500 paused_ms=0 resumes=1
2026-09-22T18:20:55.547507Z  INFO stream::session: signal="socket.backpressure" tick=865 bound=500 paused_ms=0 resumes=2
2026-09-22T18:20:55.548716Z  INFO stream::session: signal="socket.backpressure" tick=896 bound=500 paused_ms=0 resumes=3
2026-09-22T18:20:55.548814Z  INFO stream::session: signal="socket.backpressure" tick=897 bound=500 paused_ms=0 resumes=4
2026-09-22T18:20:55.548855Z  INFO stream::session: signal="socket.backpressure" tick=898 bound=500 paused_ms=0 resumes=5
2026-09-22T18:20:55.548896Z  INFO stream::session: signal="socket.backpressure" tick=899 bound=500 paused_ms=0 resumes=6
2026-09-22T18:20:55.549338Z  INFO stream::session: signal="socket.backpressure" tick=992 bound=500 paused_ms=0 resumes=7
2026-09-22T18:20:55.552659Z  INFO stream::session: signal="socket.backpressure" tick=1493 bound=500 paused_ms=2 resumes=8
2026-09-22T18:20:55.552898Z  INFO stream::session: signal="socket.backpressure" tick=1525 bound=500 paused_ms=0 resumes=9
2026-09-22T18:20:55.552928Z  INFO stream::session: signal="socket.backpressure" tick=1526 bound=500 paused_ms=0 resumes=10
2026-09-22T18:20:55.552975Z  INFO stream::session: signal="socket.backpressure" tick=1527 bound=500 paused_ms=0 resumes=11
2026-09-22T18:20:55.553067Z  INFO stream::session: signal="socket.backpressure" tick=1557 bound=500 paused_ms=0 resumes=12
2026-09-22T18:20:55.553180Z  INFO stream::session: signal="socket.backpressure" tick=1558 bound=500 paused_ms=0 resumes=13
2026-09-22T18:20:55.553285Z  INFO stream::session: signal="socket.backpressure" tick=1589 bound=500 paused_ms=0 resumes=14
2026-09-22T18:20:55.553386Z  INFO stream::session: signal="socket.backpressure" tick=1621 bound=500 paused_ms=0 resumes=15
2026-09-22T18:20:55.553437Z  INFO stream::session: signal="socket.backpressure" tick=1622 bound=500 paused_ms=0 resumes=16
2026-09-22T18:20:55.553568Z  INFO stream::session: signal="socket.backpressure" tick=1653 bound=500 paused_ms=0 resumes=17
2026-09-22T18:20:55.553641Z  INFO stream::session: signal="socket.backpressure" tick=1685 bound=500 paused_ms=0 resumes=18
2026-09-22T18:20:55.553651Z  INFO stream::session: signal="socket.backpressure" tick=1686 bound=500 paused_ms=0 resumes=19
2026-09-22T18:20:55.553664Z  INFO stream::session: signal="socket.backpressure" tick=1687 bound=500 paused_ms=0 resumes=20
2026-09-22T18:20:55.553709Z  INFO stream::session: signal="socket.backpressure" tick=1688 bound=500 paused_ms=0 resumes=21
2026-09-22T18:20:55.553804Z  INFO stream::session: signal="socket.backpressure" tick=1689 bound=500 paused_ms=0 resumes=22
2026-09-22T18:20:55.553880Z  INFO stream::session: signal="socket.backpressure" tick=1717 bound=500 paused_ms=0 resumes=23
2026-09-22T18:20:55.553994Z  INFO stream::session: signal="socket.backpressure" tick=1718 bound=500 paused_ms=0 resumes=24
2026-09-22T18:20:55.554063Z  INFO stream::session: signal="socket.backpressure" tick=1719 bound=500 paused_ms=0 resumes=25
2026-09-22T18:20:55.554510Z  INFO stream::session: signal="socket.backpressure" tick=1720 bound=500 paused_ms=0 resumes=26
2026-09-22T18:20:55.554601Z  INFO stream::session: signal="socket.backpressure" tick=1721 bound=500 paused_ms=0 resumes=27
2026-09-22T18:20:55.555014Z  INFO stream::session: signal="socket.backpressure" tick=1722 bound=500 paused_ms=0 resumes=28
2026-09-22T18:20:55.555130Z  INFO stream::session: signal="socket.backpressure" tick=1723 bound=500 paused_ms=0 resumes=29
2026-09-22T18:20:55.555248Z  INFO stream::session: signal="socket.backpressure" tick=1724 bound=500 paused_ms=0 resumes=30
2026-09-22T18:20:55.555443Z  INFO stream::session: signal="socket.backpressure" tick=1725 bound=500 paused_ms=0 resumes=31
2026-09-22T18:20:55.555612Z  INFO stream::session: signal="socket.backpressure" tick=1726 bound=500 paused_ms=0 resumes=32
2026-09-22T18:20:55.555779Z  INFO stream::session: signal="socket.backpressure" tick=1727 bound=500 paused_ms=0 resumes=33
2026-09-22T18:20:55.555872Z  INFO stream::session: signal="socket.backpressure" tick=1728 bound=500 paused_ms=0 resumes=34
2026-09-22T18:20:55.556048Z  INFO stream::session: signal="socket.backpressure" tick=1729 bound=500 paused_ms=0 resumes=35
2026-09-22T18:20:55.556201Z  INFO stream::session: signal="socket.backpressure" tick=1730 bound=500 paused_ms=0 resumes=36
2026-09-22T18:20:55.556288Z  INFO stream::session: signal="socket.backpressure" tick=1731 bound=500 paused_ms=0 resumes=37
2026-09-22T18:20:55.556338Z  INFO stream::session: signal="socket.backpressure" tick=1732 bound=500 paused_ms=0 resumes=38
2026-09-22T18:20:55.556375Z  INFO stream::session: signal="socket.backpressure" tick=1733 bound=500 paused_ms=0 resumes=39
2026-09-22T18:20:55.557018Z  INFO stream::session: signal="socket.backpressure" tick=1749 bound=500 paused_ms=0 resumes=40
2026-09-22T18:20:55.565143Z  INFO stream::session: signal="socket.backpressure" tick=6607 bound=500 paused_ms=0 resumes=41
2026-09-22T18:20:55.565291Z  INFO stream::session: signal="socket.backpressure" tick=6608 bound=500 paused_ms=0 resumes=42
2026-09-22T18:20:55.565365Z  INFO stream::session: signal="socket.backpressure" tick=6609 bound=500 paused_ms=0 resumes=43
2026-09-22T18:20:55.565605Z  INFO stream::session: signal="socket.backpressure" tick=6610 bound=500 paused_ms=0 resumes=44
2026-09-22T18:20:55.565636Z  INFO stream::session: signal="socket.backpressure" tick=6611 bound=500 paused_ms=0 resumes=45
2026-09-22T18:20:55.579317Z  INFO stream::session: signal="socket.backpressure" tick=9083 bound=500 paused_ms=9 resumes=46
2026-09-22T18:20:55.583008Z  INFO stream::session: signal="socket.backpressure" tick=10824 bound=500 paused_ms=0 resumes=47
2026-09-22T18:20:55.583165Z  INFO stream::session: signal="socket.backpressure" tick=10825 bound=500 paused_ms=0 resumes=48
2026-09-22T18:20:55.583205Z  INFO stream::session: signal="socket.backpressure" tick=10826 bound=500 paused_ms=0 resumes=49
2026-09-22T18:20:55.584865Z  INFO stream::session: signal="socket.backpressure" tick=11792 bound=500 paused_ms=0 resumes=50
2026-09-22T18:20:55.584928Z  INFO stream::session: signal="socket.backpressure" tick=11793 bound=500 paused_ms=0 resumes=51
2026-09-22T18:20:55.584962Z  INFO stream::session: signal="socket.backpressure" tick=11794 bound=500 paused_ms=0 resumes=52
2026-09-22T18:20:55.584986Z  INFO stream::session: signal="socket.backpressure" tick=11795 bound=500 paused_ms=0 resumes=53
2026-09-22T18:20:55.585010Z  INFO stream::session: signal="socket.backpressure" tick=11796 bound=500 paused_ms=0 resumes=54
2026-09-22T18:20:55.585066Z  INFO stream::session: signal="socket.backpressure" tick=11824 bound=500 paused_ms=0 resumes=55
2026-09-22T18:20:55.587227Z  INFO stream::session: signal="socket.backpressure" tick=12919 bound=500 paused_ms=0 resumes=56
2026-09-22T18:20:55.587256Z  INFO stream::session: signal="socket.backpressure" tick=12923 bound=500 paused_ms=0 resumes=57
2026-09-22T18:20:55.587272Z  INFO stream::session: signal="socket.backpressure" tick=12928 bound=500 paused_ms=0 resumes=58
2026-09-22T18:20:55.587279Z  INFO stream::session: signal="socket.backpressure" tick=12930 bound=500 paused_ms=0 resumes=59
2026-09-22T18:20:55.587286Z  INFO stream::session: signal="socket.backpressure" tick=12932 bound=500 paused_ms=0 resumes=60
2026-09-22T18:20:55.587290Z  INFO stream::session: signal="socket.backpressure" tick=12933 bound=500 paused_ms=0 resumes=61
2026-09-22T18:20:55.587294Z  INFO stream::session: signal="socket.backpressure" tick=12934 bound=500 paused_ms=0 resumes=62
2026-09-22T18:20:55.587301Z  INFO stream::session: signal="socket.backpressure" tick=12936 bound=500 paused_ms=0 resumes=63
2026-09-22T18:20:55.587312Z  INFO stream::session: signal="socket.backpressure" tick=12939 bound=500 paused_ms=0 resumes=64
2026-09-22T18:20:55.587319Z  INFO stream::session: signal="socket.backpressure" tick=12941 bound=500 paused_ms=0 resumes=65
2026-09-22T18:20:55.587322Z  INFO stream::session: signal="socket.backpressure" tick=12942 bound=500 paused_ms=0 resumes=66
2026-09-22T18:20:55.587326Z  INFO stream::session: signal="socket.backpressure" tick=12943 bound=500 paused_ms=0 resumes=67
2026-09-22T18:20:55.587329Z  INFO stream::session: signal="socket.backpressure" tick=12944 bound=500 paused_ms=0 resumes=68
2026-09-22T18:20:55.587336Z  INFO stream::session: signal="socket.backpressure" tick=12946 bound=500 paused_ms=0 resumes=69
2026-09-22T18:20:55.587340Z  INFO stream::session: signal="socket.backpressure" tick=12947 bound=500 paused_ms=0 resumes=70
2026-09-22T18:20:55.587344Z  INFO stream::session: signal="socket.backpressure" tick=12948 bound=500 paused_ms=0 resumes=71
2026-09-22T18:20:55.587358Z  INFO stream::session: signal="socket.backpressure" tick=12952 bound=500 paused_ms=0 resumes=72
2026-09-22T18:20:55.587365Z  INFO stream::session: signal="socket.backpressure" tick=12954 bound=500 paused_ms=0 resumes=73
2026-09-22T18:20:55.592280Z  INFO stream::session: signal="socket.backpressure" tick=12955 bound=500 paused_ms=4 resumes=74
2026-09-22T18:20:55.609551Z  INFO stream::session: signal="socket.backpressure" tick=16783 bound=500 paused_ms=11 resumes=75
2026-09-22T18:20:55.628778Z  INFO stream::session: signal="socket.backpressure" tick=19344 bound=500 paused_ms=15 resumes=76
2026-09-22T18:20:55.649149Z  INFO stream::session: signal="socket.backpressure" tick=21934 bound=500 paused_ms=15 resumes=77
2026-09-22T18:20:55.651025Z  INFO stream::session: signal="socket.backpressure" tick=22438 bound=500 paused_ms=0 resumes=78
2026-09-22T18:20:55.651091Z  INFO stream::session: signal="socket.backpressure" tick=22439 bound=500 paused_ms=0 resumes=79
2026-09-22T18:20:55.670395Z  INFO stream::session: signal="socket.backpressure" tick=24441 bound=500 paused_ms=15 resumes=80
2026-09-22T18:20:55.692781Z  INFO stream::session: signal="socket.backpressure" tick=27027 bound=500 paused_ms=15 resumes=81
2026-09-22T18:20:55.713667Z  INFO stream::session: signal="socket.backpressure" tick=29567 bound=500 paused_ms=16 resumes=82
2026-09-22T18:20:55.733645Z  INFO stream::session: signal="socket.backpressure" tick=32137 bound=500 paused_ms=15 resumes=83
2026-09-22T18:20:55.735637Z  INFO stream::session: signal="socket.backpressure" tick=32695 bound=500 paused_ms=0 resumes=84
2026-09-22T18:20:55.735897Z  INFO stream::session: signal="socket.backpressure" tick=32696 bound=500 paused_ms=0 resumes=85
2026-09-22T18:20:55.735950Z  INFO stream::session: signal="socket.backpressure" tick=32697 bound=500 paused_ms=0 resumes=86
2026-09-22T18:20:55.736032Z  INFO stream::session: signal="socket.backpressure" tick=32698 bound=500 paused_ms=0 resumes=87
2026-09-22T18:20:55.736150Z  INFO stream::session: signal="socket.backpressure" tick=32727 bound=500 paused_ms=0 resumes=88
2026-09-22T18:20:55.739456Z  INFO stream::session: signal="socket.backpressure" tick=34503 bound=500 paused_ms=0 resumes=89
2026-09-22T18:20:55.739744Z  INFO stream::session: signal="socket.backpressure" tick=34682 bound=500 paused_ms=0 resumes=90
2026-09-22T18:20:55.739765Z  INFO stream::session: signal="socket.backpressure" tick=34688 bound=500 paused_ms=0 resumes=91
2026-09-22T18:20:55.739772Z  INFO stream::session: signal="socket.backpressure" tick=34690 bound=500 paused_ms=0 resumes=92
2026-09-22T18:20:55.739779Z  INFO stream::session: signal="socket.backpressure" tick=34692 bound=500 paused_ms=0 resumes=93
2026-09-22T18:20:55.739787Z  INFO stream::session: signal="socket.backpressure" tick=34694 bound=500 paused_ms=0 resumes=94
2026-09-22T18:20:55.754290Z  INFO stream::session: signal="socket.backpressure" tick=34695 bound=500 paused_ms=14 resumes=95
2026-09-22T18:20:55.774978Z  INFO stream::session: signal="socket.backpressure" tick=37244 bound=500 paused_ms=16 resumes=96
2026-09-22T18:20:55.794038Z  INFO stream::session: signal="socket.backpressure" tick=39815 bound=500 paused_ms=15 resumes=97
2026-09-22T18:20:55.813415Z  INFO stream::session: signal="socket.backpressure" tick=42380 bound=500 paused_ms=15 resumes=98
2026-09-22T18:20:55.833954Z  INFO stream::session: signal="socket.backpressure" tick=44941 bound=500 paused_ms=16 resumes=99
2026-09-22T18:20:55.855066Z  INFO stream::session: signal="socket.backpressure" tick=47507 bound=500 paused_ms=16 resumes=100
2026-09-22T18:20:55.875119Z  INFO stream::session: signal="socket.backpressure" tick=50071 bound=500 paused_ms=16 resumes=101
2026-09-22T18:20:55.896293Z  INFO stream::session: signal="socket.backpressure" tick=52636 bound=500 paused_ms=17 resumes=102
2026-09-22T18:20:55.918069Z  INFO stream::session: signal="socket.backpressure" tick=55196 bound=500 paused_ms=17 resumes=103
2026-09-22T18:20:55.921086Z  INFO stream::session: signal="socket.backpressure" tick=56841 bound=500 paused_ms=0 resumes=104
2026-09-22T18:20:55.921159Z  INFO stream::session: signal="socket.backpressure" tick=56842 bound=500 paused_ms=0 resumes=105
2026-09-22T18:20:55.921318Z  INFO stream::session: signal="socket.backpressure" tick=56873 bound=500 paused_ms=0 resumes=106
2026-09-22T18:20:55.921373Z  INFO stream::session: signal="socket.backpressure" tick=56874 bound=500 paused_ms=0 resumes=107
2026-09-22T18:20:55.921529Z  INFO stream::session: signal="socket.backpressure" tick=56875 bound=500 paused_ms=0 resumes=108
2026-09-22T18:20:55.921652Z  INFO stream::session: signal="socket.backpressure" tick=56876 bound=500 paused_ms=0 resumes=109
2026-09-22T18:20:55.922506Z  INFO stream::session: signal="socket.backpressure" tick=56877 bound=500 paused_ms=0 resumes=110
2026-09-22T18:20:55.922571Z  INFO stream::session: signal="socket.backpressure" tick=56878 bound=500 paused_ms=0 resumes=111
2026-09-22T18:20:55.940807Z  INFO stream::session: signal="socket.backpressure" tick=57780 bound=500 paused_ms=16 resumes=112
2026-09-22T18:20:55.943249Z  INFO stream::session: signal="socket.backpressure" tick=58280 bound=500 paused_ms=1 resumes=113
2026-09-22T18:20:55.963951Z  INFO stream::session: signal="socket.backpressure" tick=60309 bound=500 paused_ms=16 resumes=114
2026-09-22T18:20:55.966573Z  INFO stream::session: signal="socket.backpressure" tick=60876 bound=500 paused_ms=0 resumes=115
2026-09-22T18:20:55.966653Z  INFO stream::session: signal="socket.backpressure" tick=60877 bound=500 paused_ms=0 resumes=116
2026-09-22T18:20:55.968460Z  INFO stream::session: signal="socket.backpressure" tick=61516 bound=500 paused_ms=0 resumes=117
2026-09-22T18:20:55.971822Z  INFO stream::session: signal="socket.backpressure" tick=62316 bound=500 paused_ms=0 resumes=118
2026-09-22T18:20:55.971924Z  INFO stream::session: signal="socket.backpressure" tick=62317 bound=500 paused_ms=0 resumes=119
2026-09-22T18:20:55.972048Z  INFO stream::session: signal="socket.backpressure" tick=62318 bound=500 paused_ms=0 resumes=120
2026-09-22T18:20:55.972370Z  INFO stream::session: signal="socket.backpressure" tick=62319 bound=500 paused_ms=0 resumes=121
2026-09-22T18:20:55.972634Z  INFO stream::session: signal="socket.backpressure" tick=62380 bound=500 paused_ms=0 resumes=122
2026-09-22T18:20:55.972668Z  INFO stream::session: signal="socket.backpressure" tick=62381 bound=500 paused_ms=0 resumes=123
2026-09-22T18:20:55.972874Z  INFO stream::session: signal="socket.backpressure" tick=62382 bound=500 paused_ms=0 resumes=124
2026-09-22T18:20:55.972986Z  INFO stream::session: signal="socket.backpressure" tick=62383 bound=500 paused_ms=0 resumes=125
2026-09-22T18:20:55.973014Z  INFO stream::session: signal="socket.backpressure" tick=62384 bound=500 paused_ms=0 resumes=126
2026-09-22T18:20:55.973043Z  INFO stream::session: signal="socket.backpressure" tick=62385 bound=500 paused_ms=0 resumes=127
2026-09-22T18:20:55.973279Z  INFO stream::session: signal="socket.backpressure" tick=62412 bound=500 paused_ms=0 resumes=128
2026-09-22T18:20:55.973407Z  INFO stream::session: signal="socket.backpressure" tick=62413 bound=500 paused_ms=0 resumes=129
2026-09-22T18:20:55.973480Z  INFO stream::session: signal="socket.backpressure" tick=62437 bound=500 paused_ms=0 resumes=130
2026-09-22T18:20:55.973511Z  INFO stream::session: signal="socket.backpressure" tick=62438 bound=500 paused_ms=0 resumes=131
2026-09-22T18:20:55.973583Z  INFO stream::session: signal="socket.backpressure" tick=62439 bound=500 paused_ms=0 resumes=132
2026-09-22T18:20:55.974385Z  INFO stream::session: signal="socket.backpressure" tick=62818 bound=500 paused_ms=0 resumes=133
2026-09-22T18:20:55.974452Z  INFO stream::session: signal="socket.backpressure" tick=62819 bound=500 paused_ms=0 resumes=134
2026-09-22T18:20:55.974507Z  INFO stream::session: signal="socket.backpressure" tick=62820 bound=500 paused_ms=0 resumes=135
2026-09-22T18:20:55.974569Z  INFO stream::session: signal="socket.backpressure" tick=62821 bound=500 paused_ms=0 resumes=136
2026-09-22T18:20:55.974738Z  INFO stream::session: signal="socket.backpressure" tick=62822 bound=500 paused_ms=0 resumes=137
2026-09-22T18:20:55.974799Z  INFO stream::session: signal="socket.backpressure" tick=62823 bound=500 paused_ms=0 resumes=138
2026-09-22T18:20:55.974839Z  INFO stream::session: signal="socket.backpressure" tick=62824 bound=500 paused_ms=0 resumes=139
2026-09-22T18:20:55.974856Z  INFO stream::session: signal="socket.backpressure" tick=62825 bound=500 paused_ms=0 resumes=140
2026-09-22T18:20:55.974888Z  INFO stream::session: signal="socket.backpressure" tick=62829 bound=500 paused_ms=0 resumes=141
2026-09-22T18:20:55.974910Z  INFO stream::session: signal="socket.backpressure" tick=62830 bound=500 paused_ms=0 resumes=142
2026-09-22T18:20:55.974955Z  INFO stream::session: signal="socket.backpressure" tick=62834 bound=500 paused_ms=0 resumes=143
2026-09-22T18:20:55.974979Z  INFO stream::session: signal="socket.backpressure" tick=62836 bound=500 paused_ms=0 resumes=144
2026-09-22T18:20:55.975034Z  INFO stream::session: signal="socket.backpressure" tick=62838 bound=500 paused_ms=0 resumes=145
2026-09-22T18:20:55.975307Z  INFO stream::session: signal="socket.backpressure" tick=62839 bound=500 paused_ms=0 resumes=146
2026-09-22T18:20:55.975379Z  INFO stream::session: signal="socket.backpressure" tick=62840 bound=500 paused_ms=0 resumes=147
2026-09-22T18:20:55.975508Z  INFO stream::session: signal="socket.backpressure" tick=62868 bound=500 paused_ms=0 resumes=148
2026-09-22T18:20:55.975529Z  INFO stream::session: signal="socket.backpressure" tick=62874 bound=500 paused_ms=0 resumes=149
2026-09-22T18:20:55.975536Z  INFO stream::session: signal="socket.backpressure" tick=62876 bound=500 paused_ms=0 resumes=150
2026-09-22T18:20:55.975543Z  INFO stream::session: signal="socket.backpressure" tick=62878 bound=500 paused_ms=0 resumes=151
2026-09-22T18:20:55.975550Z  INFO stream::session: signal="socket.backpressure" tick=62880 bound=500 paused_ms=0 resumes=152
2026-09-22T18:20:55.975554Z  INFO stream::session: signal="socket.backpressure" tick=62881 bound=500 paused_ms=0 resumes=153
2026-09-22T18:20:55.975558Z  INFO stream::session: signal="socket.backpressure" tick=62882 bound=500 paused_ms=0 resumes=154
2026-09-22T18:20:55.975573Z  INFO stream::session: signal="socket.backpressure" tick=62883 bound=500 paused_ms=0 resumes=155
2026-09-22T18:20:55.975611Z  INFO stream::session: signal="socket.backpressure" tick=62884 bound=500 paused_ms=0 resumes=156
2026-09-22T18:20:55.975642Z  INFO stream::session: signal="socket.backpressure" tick=62889 bound=500 paused_ms=0 resumes=157
2026-09-22T18:20:55.975710Z  INFO stream::session: signal="socket.backpressure" tick=62890 bound=500 paused_ms=0 resumes=158
2026-09-22T18:20:55.987237Z  INFO stream::session: signal="socket.backpressure" tick=62892 bound=500 paused_ms=11 resumes=159
2026-09-22T18:20:56.010273Z  INFO stream::session: signal="socket.backpressure" tick=65459 bound=500 paused_ms=18 resumes=160
2026-09-22T18:20:56.010613Z  INFO stream::session: signal="socket.backpressure" tick=65523 bound=500 paused_ms=0 resumes=161
2026-09-22T18:20:56.013281Z  INFO stream::session: signal="socket.backpressure" tick=66024 bound=500 paused_ms=0 resumes=162
2026-09-22T18:20:56.013329Z  INFO stream::session: signal="socket.backpressure" tick=66025 bound=500 paused_ms=0 resumes=163
2026-09-22T18:20:56.013365Z  INFO stream::session: signal="socket.backpressure" tick=66026 bound=500 paused_ms=0 resumes=164
2026-09-22T18:20:56.013388Z  INFO stream::session: signal="socket.backpressure" tick=66027 bound=500 paused_ms=0 resumes=165
2026-09-22T18:20:56.013402Z  INFO stream::session: signal="socket.backpressure" tick=66028 bound=500 paused_ms=0 resumes=166
2026-09-22T18:20:56.013422Z  INFO stream::session: signal="socket.backpressure" tick=66029 bound=500 paused_ms=0 resumes=167
2026-09-22T18:20:56.016604Z  INFO stream::session: signal="socket.backpressure" tick=66818 bound=500 paused_ms=0 resumes=168
2026-09-22T18:20:56.016775Z  INFO stream::session: signal="socket.backpressure" tick=66819 bound=500 paused_ms=0 resumes=169
2026-09-22T18:20:56.019265Z  INFO stream::session: signal="socket.backpressure" tick=67750 bound=500 paused_ms=0 resumes=170
2026-09-22T18:20:56.019816Z  INFO stream::session: signal="socket.backpressure" tick=67878 bound=500 paused_ms=0 resumes=171
2026-09-22T18:20:56.020068Z  INFO stream::session: signal="socket.backpressure" tick=67879 bound=500 paused_ms=0 resumes=172
2026-09-22T18:20:56.035139Z  INFO stream::session: signal="socket.backpressure" tick=68006 bound=500 paused_ms=13 resumes=173
2026-09-22T18:20:56.039514Z  INFO stream::session: signal="socket.backpressure" tick=70104 bound=500 paused_ms=0 resumes=174
2026-09-22T18:20:56.039928Z  INFO stream::session: signal="socket.backpressure" tick=70105 bound=500 paused_ms=0 resumes=175
2026-09-22T18:20:56.059472Z  INFO stream::session: signal="socket.backpressure" tick=70552 bound=500 paused_ms=18 resumes=176
2026-09-22T18:20:56.080540Z  INFO stream::session: signal="socket.backpressure" tick=73122 bound=500 paused_ms=16 resumes=177
2026-09-22T18:20:56.099693Z  INFO stream::session: signal="socket.backpressure" tick=75712 bound=500 paused_ms=14 resumes=178
2026-09-22T18:20:56.119227Z  INFO stream::session: signal="socket.backpressure" tick=78250 bound=500 paused_ms=15 resumes=179
2026-09-22T18:20:56.140177Z  INFO stream::session: signal="socket.backpressure" tick=80799 bound=500 paused_ms=16 resumes=180
2026-09-22T18:20:56.161109Z  INFO stream::session: signal="socket.backpressure" tick=83369 bound=500 paused_ms=16 resumes=181
2026-09-22T18:20:56.217129Z  INFO stream::session: signal="socket.backpressure" tick=85960 bound=500 paused_ms=51 resumes=182
2026-09-22T18:20:56.228132Z  INFO stream::session: signal="socket.backpressure" tick=86460 bound=500 paused_ms=10 resumes=183
2026-09-22T18:20:56.236862Z  INFO stream::session: signal="socket.backpressure" tick=87537 bound=500 paused_ms=6 resumes=184
2026-09-22T18:20:56.236974Z  INFO stream::session: signal="socket.backpressure" tick=87538 bound=500 paused_ms=0 resumes=185
2026-09-22T18:20:56.253434Z  INFO stream::session: signal="socket.backpressure" tick=88156 bound=500 paused_ms=13 resumes=186
2026-09-22T18:20:56.253644Z  INFO stream::session: signal="socket.backpressure" tick=88157 bound=500 paused_ms=0 resumes=187
2026-09-22T18:20:56.253843Z  INFO stream::session: signal="socket.backpressure" tick=88188 bound=500 paused_ms=0 resumes=188
2026-09-22T18:20:56.257643Z  INFO stream::session: signal="socket.backpressure" tick=88999 bound=500 paused_ms=2 resumes=189
2026-09-22T18:20:56.257731Z  INFO stream::session: signal="socket.backpressure" tick=89000 bound=500 paused_ms=0 resumes=190
2026-09-22T18:20:56.264127Z  INFO stream::session: signal="socket.backpressure" tick=89549 bound=500 paused_ms=5 resumes=191
2026-09-22T18:20:56.266377Z  INFO stream::session: signal="socket.backpressure" tick=89613 bound=500 paused_ms=1 resumes=192
2026-09-22T18:20:56.266503Z  INFO stream::session: signal="socket.backpressure" tick=89614 bound=500 paused_ms=0 resumes=193
2026-09-22T18:20:56.266549Z  INFO stream::session: signal="socket.backpressure" tick=89615 bound=500 paused_ms=0 resumes=194
2026-09-22T18:20:56.266727Z  INFO stream::session: signal="socket.backpressure" tick=89677 bound=500 paused_ms=0 resumes=195
2026-09-22T18:20:56.266827Z  INFO stream::session: signal="socket.backpressure" tick=89678 bound=500 paused_ms=0 resumes=196
2026-09-22T18:20:56.266852Z  INFO stream::session: signal="socket.backpressure" tick=89679 bound=500 paused_ms=0 resumes=197
2026-09-22T18:20:56.266873Z  INFO stream::session: signal="socket.backpressure" tick=89680 bound=500 paused_ms=0 resumes=198
2026-09-22T18:20:56.266975Z  INFO stream::session: signal="socket.backpressure" tick=89709 bound=500 paused_ms=0 resumes=199
2026-09-22T18:20:56.270422Z  INFO stream::session: signal="socket.backpressure" tick=90264 bound=500 paused_ms=2 resumes=200
2026-09-22T18:20:56.274200Z  INFO stream::session: signal="socket.backpressure" tick=90265 bound=500 paused_ms=3 resumes=201
2026-09-22T18:20:56.274306Z  INFO stream::session: signal="socket.backpressure" tick=90266 bound=500 paused_ms=0 resumes=202
2026-09-22T18:20:56.275593Z  INFO stream::session: signal="socket.backpressure" tick=90824 bound=500 paused_ms=0 resumes=203
2026-09-22T18:20:56.275755Z  INFO stream::session: signal="socket.backpressure" tick=90888 bound=500 paused_ms=0 resumes=204
2026-09-22T18:20:56.275821Z  INFO stream::session: signal="socket.backpressure" tick=90889 bound=500 paused_ms=0 resumes=205
2026-09-22T18:20:56.279562Z  INFO stream::session: signal="socket.backpressure" tick=91409 bound=500 paused_ms=2 resumes=206
2026-09-22T18:20:56.279591Z  INFO stream::session: signal="socket.backpressure" tick=91410 bound=500 paused_ms=0 resumes=207
2026-09-22T18:20:56.283022Z  INFO stream::session: signal="socket.backpressure" tick=92859 bound=500 paused_ms=0 resumes=208
2026-09-22T18:20:56.284506Z  INFO stream::session: signal="socket.backpressure" tick=93551 bound=500 paused_ms=0 resumes=209
2026-09-22T18:20:56.286200Z  INFO stream::session: signal="socket.backpressure" tick=93999 bound=500 paused_ms=0 resumes=210
2026-09-22T18:20:56.288796Z  INFO stream::session: signal="socket.backpressure" tick=94546 bound=500 paused_ms=1 resumes=211
2026-09-22T18:20:56.289398Z  INFO stream::session: signal="socket.backpressure" tick=94578 bound=500 paused_ms=0 resumes=212
2026-09-22T18:20:56.289465Z  INFO stream::session: signal="socket.backpressure" tick=94579 bound=500 paused_ms=0 resumes=213
2026-09-22T18:20:56.289509Z  INFO stream::session: signal="socket.backpressure" tick=94580 bound=500 paused_ms=0 resumes=214
2026-09-22T18:20:56.289631Z  INFO stream::session: signal="socket.backpressure" tick=94610 bound=500 paused_ms=0 resumes=215
2026-09-22T18:20:56.289668Z  INFO stream::session: signal="socket.backpressure" tick=94611 bound=500 paused_ms=0 resumes=216
2026-09-22T18:20:56.289706Z  INFO stream::session: signal="socket.backpressure" tick=94612 bound=500 paused_ms=0 resumes=217
2026-09-22T18:20:56.289741Z  INFO stream::session: signal="socket.backpressure" tick=94613 bound=500 paused_ms=0 resumes=218
2026-09-22T18:20:56.289791Z  INFO stream::session: signal="socket.backpressure" tick=94614 bound=500 paused_ms=0 resumes=219
2026-09-22T18:20:56.289823Z  INFO stream::session: signal="socket.backpressure" tick=94615 bound=500 paused_ms=0 resumes=220
2026-09-22T18:20:56.289843Z  INFO stream::session: signal="socket.backpressure" tick=94616 bound=500 paused_ms=0 resumes=221
2026-09-22T18:20:56.292126Z  INFO stream::session: signal="socket.backpressure" tick=96022 bound=500 paused_ms=0 resumes=222
2026-09-22T18:20:56.292150Z  INFO stream::session: signal="socket.backpressure" tick=96027 bound=500 paused_ms=0 resumes=223
2026-09-22T18:20:56.292157Z  INFO stream::session: signal="socket.backpressure" tick=96029 bound=500 paused_ms=0 resumes=224
2026-09-22T18:20:56.292161Z  INFO stream::session: signal="socket.backpressure" tick=96030 bound=500 paused_ms=0 resumes=225
2026-09-22T18:20:56.292164Z  INFO stream::session: signal="socket.backpressure" tick=96031 bound=500 paused_ms=0 resumes=226
2026-09-22T18:20:56.292168Z  INFO stream::session: signal="socket.backpressure" tick=96032 bound=500 paused_ms=0 resumes=227
2026-09-22T18:20:56.292175Z  INFO stream::session: signal="socket.backpressure" tick=96034 bound=500 paused_ms=0 resumes=228
2026-09-22T18:20:56.292182Z  INFO stream::session: signal="socket.backpressure" tick=96036 bound=500 paused_ms=0 resumes=229
2026-09-22T18:20:56.292186Z  INFO stream::session: signal="socket.backpressure" tick=96037 bound=500 paused_ms=0 resumes=230
2026-09-22T18:20:56.292190Z  INFO stream::session: signal="socket.backpressure" tick=96038 bound=500 paused_ms=0 resumes=231
2026-09-22T18:20:56.292193Z  INFO stream::session: signal="socket.backpressure" tick=96039 bound=500 paused_ms=0 resumes=232
2026-09-22T18:20:56.296932Z  INFO stream::session: signal="socket.backpressure" tick=96040 bound=500 paused_ms=4 resumes=233
2026-09-22T18:20:56.317832Z  INFO stream::session: signal="socket.backpressure" tick=98611 bound=500 paused_ms=16 resumes=234
2026-09-22T18:20:56.337198Z  INFO stream::session: signal="socket.backpressure" tick=101173 bound=500 paused_ms=15 resumes=235
2026-09-22T18:20:56.356278Z  INFO stream::session: signal="socket.backpressure" tick=103718 bound=500 paused_ms=15 resumes=236
2026-09-22T18:20:56.378816Z  INFO stream::session: signal="socket.backpressure" tick=106287 bound=500 paused_ms=18 resumes=237
2026-09-22T18:20:56.399005Z  INFO stream::session: signal="socket.backpressure" tick=108858 bound=500 paused_ms=15 resumes=238
2026-09-22T18:20:56.419479Z  INFO stream::session: signal="socket.backpressure" tick=111413 bound=500 paused_ms=15 resumes=239
2026-09-22T18:20:56.439401Z  INFO stream::session: signal="socket.backpressure" tick=113950 bound=500 paused_ms=15 resumes=240
2026-09-22T18:20:56.459627Z  INFO stream::session: signal="socket.backpressure" tick=116521 bound=500 paused_ms=15 resumes=241
2026-09-22T18:20:56.480330Z  INFO stream::session: signal="socket.backpressure" tick=119084 bound=500 paused_ms=16 resumes=242
2026-09-22T18:20:56.502513Z  INFO stream::session: signal="socket.backpressure" tick=121648 bound=500 paused_ms=17 resumes=243
2026-09-22T18:20:56.504573Z  INFO stream::session: signal="socket.backpressure" tick=122669 bound=500 paused_ms=0 resumes=244
2026-09-22T18:20:56.504684Z  INFO stream::session: signal="socket.backpressure" tick=122670 bound=500 paused_ms=0 resumes=245
2026-09-22T18:20:56.522142Z  INFO stream::session: signal="socket.backpressure" tick=124210 bound=500 paused_ms=15 resumes=246
2026-09-22T18:20:56.542241Z  INFO stream::session: signal="socket.backpressure" tick=126794 bound=500 paused_ms=15 resumes=247
2026-09-22T18:20:56.561318Z  INFO stream::session: signal="socket.backpressure" tick=129334 bound=500 paused_ms=15 resumes=248
2026-09-22T18:20:56.564701Z  INFO stream::session: signal="socket.backpressure" tick=131455 bound=500 paused_ms=0 resumes=249
2026-09-22T18:20:56.564804Z  INFO stream::session: signal="socket.backpressure" tick=131456 bound=500 paused_ms=0 resumes=250
2026-09-22T18:20:56.579983Z  INFO stream::session: signal="socket.backpressure" tick=131903 bound=500 paused_ms=14 resumes=251
2026-09-22T18:20:56.599911Z  INFO stream::session: signal="socket.backpressure" tick=134440 bound=500 paused_ms=15 resumes=252
2026-09-22T18:20:56.619842Z  INFO stream::session: signal="socket.backpressure" tick=137012 bound=500 paused_ms=15 resumes=253
2026-09-22T18:20:56.638349Z  INFO stream::session: signal="socket.backpressure" tick=139574 bound=500 paused_ms=14 resumes=254
2026-09-22T18:20:56.660773Z  INFO stream::session: signal="socket.backpressure" tick=142165 bound=500 paused_ms=18 resumes=255
2026-09-22T18:20:56.683598Z  INFO stream::session: signal="socket.backpressure" tick=144687 bound=500 paused_ms=18 resumes=256
2026-09-22T18:20:56.704982Z  INFO stream::session: signal="socket.backpressure" tick=147281 bound=500 paused_ms=17 resumes=257
2026-09-22T18:20:56.724662Z  INFO stream::session: signal="socket.backpressure" tick=149835 bound=500 paused_ms=15 resumes=258
2026-09-22T18:20:56.749688Z  INFO stream::session: signal="socket.backpressure" tick=152373 bound=500 paused_ms=21 resumes=259
2026-09-22T18:20:56.767500Z  INFO stream::session: signal="socket.backpressure" tick=154973 bound=500 paused_ms=13 resumes=260
2026-09-22T18:20:56.770724Z  INFO stream::session: signal="socket.backpressure" tick=156634 bound=500 paused_ms=0 resumes=261
2026-09-22T18:20:56.792071Z  INFO stream::session: signal="socket.backpressure" tick=157487 bound=500 paused_ms=20 resumes=262
2026-09-22T18:20:56.810615Z  INFO stream::session: signal="socket.backpressure" tick=160059 bound=500 paused_ms=14 resumes=263
2026-09-22T18:20:56.829045Z  INFO stream::session: signal="socket.backpressure" tick=162621 bound=500 paused_ms=14 resumes=264
2026-09-22T18:20:56.831881Z  INFO stream::session: signal="socket.backpressure" tick=164241 bound=500 paused_ms=0 resumes=265
2026-09-22T18:20:56.847984Z  INFO stream::session: signal="socket.backpressure" tick=165184 bound=500 paused_ms=14 resumes=266
2026-09-22T18:20:56.852522Z  INFO stream::session: signal="socket.backpressure" tick=167706 bound=500 paused_ms=0 resumes=267
2026-09-22T18:20:56.852544Z  INFO stream::session: signal="socket.backpressure" tick=167713 bound=500 paused_ms=0 resumes=268
2026-09-22T18:20:56.852559Z  INFO stream::session: signal="socket.backpressure" tick=167715 bound=500 paused_ms=0 resumes=269
2026-09-22T18:20:56.852581Z  INFO stream::session: signal="socket.backpressure" tick=167721 bound=500 paused_ms=0 resumes=270
2026-09-22T18:20:56.852588Z  INFO stream::session: signal="socket.backpressure" tick=167723 bound=500 paused_ms=0 resumes=271
2026-09-22T18:20:56.852592Z  INFO stream::session: signal="socket.backpressure" tick=167724 bound=500 paused_ms=0 resumes=272
2026-09-22T18:20:56.852617Z  INFO stream::session: signal="socket.backpressure" tick=167729 bound=500 paused_ms=0 resumes=273
2026-09-22T18:20:56.852655Z  INFO stream::session: signal="socket.backpressure" tick=167740 bound=500 paused_ms=0 resumes=274
2026-09-22T18:20:56.852662Z  INFO stream::session: signal="socket.backpressure" tick=167742 bound=500 paused_ms=0 resumes=275
2026-09-22T18:20:56.852678Z  INFO stream::session: signal="socket.backpressure" tick=167744 bound=500 paused_ms=0 resumes=276
2026-09-22T18:20:56.867162Z  INFO stream::session: signal="socket.backpressure" tick=167757 bound=500 paused_ms=14 resumes=277
2026-09-22T18:20:56.886141Z  INFO stream::session: signal="socket.backpressure" tick=170301 bound=500 paused_ms=15 resumes=278
2026-09-22T18:20:56.888434Z  INFO stream::session: signal="socket.backpressure" tick=171807 bound=500 paused_ms=0 resumes=279
2026-09-22T18:20:56.888541Z  INFO stream::session: signal="socket.backpressure" tick=171859 bound=500 paused_ms=0 resumes=280
2026-09-22T18:20:56.904391Z  INFO stream::session: signal="socket.backpressure" tick=172871 bound=500 paused_ms=14 resumes=281
2026-09-22T18:20:56.922329Z  INFO stream::session: signal="socket.backpressure" tick=175434 bound=500 paused_ms=13 resumes=282
2026-09-22T18:20:56.940491Z  INFO stream::session: signal="socket.backpressure" tick=178026 bound=500 paused_ms=14 resumes=283
2026-09-22T18:20:56.958798Z  INFO stream::session: signal="socket.backpressure" tick=180588 bound=500 paused_ms=14 resumes=284
2026-09-22T18:20:56.978288Z  INFO stream::session: signal="socket.backpressure" tick=183125 bound=500 paused_ms=15 resumes=285
2026-09-22T18:20:56.996948Z  INFO stream::session: signal="socket.backpressure" tick=185691 bound=500 paused_ms=14 resumes=286
2026-09-22T18:20:57.015194Z  INFO stream::session: signal="socket.backpressure" tick=188254 bound=500 paused_ms=13 resumes=287
2026-09-22T18:20:57.034300Z  INFO stream::session: signal="socket.backpressure" tick=190819 bound=500 paused_ms=15 resumes=288
2026-09-22T18:20:57.054818Z  INFO stream::session: signal="socket.backpressure" tick=193386 bound=500 paused_ms=16 resumes=289
2026-09-22T18:20:57.073617Z  INFO stream::session: signal="socket.backpressure" tick=195924 bound=500 paused_ms=14 resumes=290
2026-09-22T18:20:57.077328Z  INFO stream::session: signal="socket.backpressure" tick=197806 bound=500 paused_ms=0 resumes=291
2026-09-22T18:20:57.092149Z  INFO stream::session: signal="socket.backpressure" tick=198510 bound=500 paused_ms=13 resumes=292
2026-09-22T18:20:57.110429Z  INFO stream::session: signal="socket.backpressure" tick=201048 bound=500 paused_ms=14 resumes=293
2026-09-22T18:20:57.127834Z  INFO stream::session: signal="socket.backpressure" tick=203629 bound=500 paused_ms=13 resumes=294
2026-09-22T18:20:57.145386Z  INFO stream::session: signal="socket.backpressure" tick=206169 bound=500 paused_ms=13 resumes=295
2026-09-22T18:20:57.147261Z  INFO stream::session: signal="socket.backpressure" tick=207173 bound=500 paused_ms=0 resumes=296
2026-09-22T18:20:57.162843Z  INFO stream::session: signal="socket.backpressure" tick=208750 bound=500 paused_ms=13 resumes=297
2026-09-22T18:20:57.181730Z  INFO stream::session: signal="socket.backpressure" tick=211300 bound=500 paused_ms=14 resumes=298
2026-09-22T18:20:57.199447Z  INFO stream::session: signal="socket.backpressure" tick=213838 bound=500 paused_ms=13 resumes=299
2026-09-22T18:20:57.217560Z  INFO stream::session: signal="socket.backpressure" tick=216408 bound=500 paused_ms=14 resumes=300
2026-09-22T18:20:57.235961Z  INFO stream::session: signal="socket.backpressure" tick=218983 bound=500 paused_ms=14 resumes=301
2026-09-22T18:20:57.254879Z  INFO stream::session: signal="socket.backpressure" tick=221522 bound=500 paused_ms=14 resumes=302
2026-09-22T18:20:57.272264Z  INFO stream::session: signal="socket.backpressure" tick=224092 bound=500 paused_ms=13 resumes=303
2026-09-22T18:20:57.290690Z  INFO stream::session: signal="socket.backpressure" tick=226656 bound=500 paused_ms=14 resumes=304
2026-09-22T18:20:57.293192Z  INFO stream::session: signal="socket.backpressure" tick=228282 bound=500 paused_ms=0 resumes=305
2026-09-22T18:20:57.315923Z  INFO stream::session: signal="socket.backpressure" tick=229221 bound=500 paused_ms=21 resumes=306
2026-09-22T18:20:57.334417Z  INFO stream::session: signal="socket.backpressure" tick=231798 bound=500 paused_ms=14 resumes=307
2026-09-22T18:20:57.353161Z  INFO stream::session: signal="socket.backpressure" tick=234336 bound=500 paused_ms=14 resumes=308
2026-09-22T18:20:57.371573Z  INFO stream::session: signal="socket.backpressure" tick=236920 bound=500 paused_ms=14 resumes=309
2026-09-22T18:20:57.390097Z  INFO stream::session: signal="socket.backpressure" tick=239460 bound=500 paused_ms=14 resumes=310
2026-09-22T18:20:57.407898Z  INFO stream::session: signal="socket.backpressure" tick=242029 bound=500 paused_ms=13 resumes=311
2026-09-22T18:20:57.425713Z  INFO stream::session: signal="socket.backpressure" tick=244594 bound=500 paused_ms=13 resumes=312
2026-09-22T18:20:57.443563Z  INFO stream::session: signal="socket.backpressure" tick=247158 bound=500 paused_ms=13 resumes=313
2026-09-22T18:20:57.461494Z  INFO stream::session: signal="socket.backpressure" tick=249721 bound=500 paused_ms=13 resumes=314
2026-09-22T18:20:57.480268Z  INFO stream::session: signal="socket.backpressure" tick=252310 bound=500 paused_ms=14 resumes=315
2026-09-22T18:20:57.498930Z  INFO stream::session: signal="socket.backpressure" tick=254847 bound=500 paused_ms=14 resumes=316
2026-09-22T18:20:57.517011Z  INFO stream::session: signal="socket.backpressure" tick=257413 bound=500 paused_ms=14 resumes=317
2026-09-22T18:20:57.535039Z  INFO stream::session: signal="socket.backpressure" tick=260003 bound=500 paused_ms=14 resumes=318
2026-09-22T18:20:57.552909Z  INFO stream::session: signal="socket.backpressure" tick=262541 bound=500 paused_ms=13 resumes=319
2026-09-22T18:20:57.571248Z  INFO stream::session: signal="socket.backpressure" tick=265134 bound=500 paused_ms=14 resumes=320
2026-09-22T18:20:57.589331Z  INFO stream::session: signal="socket.backpressure" tick=267640 bound=500 paused_ms=14 resumes=321
2026-09-22T18:20:57.608325Z  INFO engine_cli::serve: signal="socket.session_closed" ticks=270000 high_water=502 bound=500 pauses=321 paused_ms=1512

exit 0
