2026-09-22T18:10:15.271889Z  INFO engine::data: signal="content.loaded" kind="attributes" path="attributes.json" schema_version=1 bytes=1884 hash=096020d4ab81
2026-09-22T18:10:15.272014Z  INFO engine::data: signal="content.loaded" kind="tuning" path="tuning.json" schema_version=1 bytes=3891 hash=0f5d068f7d43
2026-09-22T18:10:15.272069Z  INFO engine::data: signal="content.loaded" kind="rules" path="rules/default.json" schema_version=1 bytes=858 hash=6ebfdf131295
2026-09-22T18:10:15.272307Z  INFO engine::data: signal="content.loaded" kind="team" path="teams/default-a.json" schema_version=1 bytes=23735 hash=c4154f222b4e
2026-09-22T18:10:15.272504Z  INFO engine::data: signal="content.loaded" kind="team" path="teams/default-b.json" schema_version=1 bytes=23734 hash=62e16684340a
2026-09-22T18:10:15.274295Z  INFO stream::server: signal="socket.listening" port=59836 protocol_version=1 match_id=000000000000002a-1790100615272
59836
2026-09-22T18:10:15.276823Z  INFO engine_cli::web: signal="web.serving" dir=web files=30 isolated=true port=59837
http://127.0.0.1:59837/
2026-09-22T18:10:15.400199Z  INFO stream::server: signal="socket.client" origin=http://127.0.0.1:59837 protocol_version=1 match_id=000000000000002a-1790100615272
2026-09-22T18:10:15.402335Z  INFO stream::session: signal="socket.backpressure" tick=812 bound=500 paused_ms=0 resumes=1
2026-09-22T18:10:15.402399Z  INFO stream::session: signal="socket.backpressure" tick=813 bound=500 paused_ms=0 resumes=2
2026-09-22T18:10:15.414488Z  INFO stream::session: signal="socket.backpressure" tick=7728 bound=500 paused_ms=1 resumes=3
2026-09-22T18:10:15.414769Z  INFO stream::session: signal="socket.backpressure" tick=7729 bound=500 paused_ms=0 resumes=4
2026-09-22T18:10:15.414790Z  INFO stream::session: signal="socket.backpressure" tick=7730 bound=500 paused_ms=0 resumes=5
2026-09-22T18:10:15.414804Z  INFO stream::session: signal="socket.backpressure" tick=7731 bound=500 paused_ms=0 resumes=6
2026-09-22T18:10:15.414816Z  INFO stream::session: signal="socket.backpressure" tick=7732 bound=500 paused_ms=0 resumes=7
2026-09-22T18:10:15.414828Z  INFO stream::session: signal="socket.backpressure" tick=7733 bound=500 paused_ms=0 resumes=8
2026-09-22T18:10:15.414840Z  INFO stream::session: signal="socket.backpressure" tick=7734 bound=500 paused_ms=0 resumes=9
2026-09-22T18:10:15.414866Z  INFO stream::session: signal="socket.backpressure" tick=7735 bound=500 paused_ms=0 resumes=10
2026-09-22T18:10:15.414886Z  INFO stream::session: signal="socket.backpressure" tick=7736 bound=500 paused_ms=0 resumes=11
2026-09-22T18:10:15.414899Z  INFO stream::session: signal="socket.backpressure" tick=7737 bound=500 paused_ms=0 resumes=12
2026-09-22T18:10:15.414912Z  INFO stream::session: signal="socket.backpressure" tick=7738 bound=500 paused_ms=0 resumes=13
2026-09-22T18:10:15.414925Z  INFO stream::session: signal="socket.backpressure" tick=7739 bound=500 paused_ms=0 resumes=14
2026-09-22T18:10:15.414942Z  INFO stream::session: signal="socket.backpressure" tick=7740 bound=500 paused_ms=0 resumes=15
2026-09-22T18:10:15.414952Z  INFO stream::session: signal="socket.backpressure" tick=7741 bound=500 paused_ms=0 resumes=16
2026-09-22T18:10:15.414964Z  INFO stream::session: signal="socket.backpressure" tick=7742 bound=500 paused_ms=0 resumes=17
2026-09-22T18:10:15.414976Z  INFO stream::session: signal="socket.backpressure" tick=7743 bound=500 paused_ms=0 resumes=18
2026-09-22T18:10:15.415000Z  INFO stream::session: signal="socket.backpressure" tick=7744 bound=500 paused_ms=0 resumes=19
2026-09-22T18:10:15.416197Z  INFO stream::session: signal="socket.backpressure" tick=8374 bound=500 paused_ms=0 resumes=20
2026-09-22T18:10:15.425677Z  INFO stream::session: signal="socket.backpressure" tick=11574 bound=500 paused_ms=4 resumes=21
2026-09-22T18:10:15.430079Z  INFO stream::session: signal="socket.backpressure" tick=14137 bound=500 paused_ms=0 resumes=22
2026-09-22T18:10:15.431630Z  INFO stream::session: signal="socket.backpressure" tick=14831 bound=500 paused_ms=0 resumes=23
2026-09-22T18:10:15.432643Z  INFO stream::session: signal="socket.backpressure" tick=15435 bound=500 paused_ms=0 resumes=24
2026-09-22T18:10:15.432732Z  INFO stream::session: signal="socket.backpressure" tick=15436 bound=500 paused_ms=0 resumes=25
2026-09-22T18:10:15.445136Z  INFO stream::session: signal="socket.backpressure" tick=15438 bound=500 paused_ms=12 resumes=26
2026-09-22T18:10:15.445223Z  INFO stream::session: signal="socket.backpressure" tick=15439 bound=500 paused_ms=0 resumes=27
2026-09-22T18:10:15.445283Z  INFO stream::session: signal="socket.backpressure" tick=15440 bound=500 paused_ms=0 resumes=28
2026-09-22T18:10:15.445652Z  INFO stream::session: signal="socket.backpressure" tick=15441 bound=500 paused_ms=0 resumes=29
2026-09-22T18:10:15.445673Z  INFO stream::session: signal="socket.backpressure" tick=15442 bound=500 paused_ms=0 resumes=30
2026-09-22T18:10:15.445686Z  INFO stream::session: signal="socket.backpressure" tick=15443 bound=500 paused_ms=0 resumes=31
2026-09-22T18:10:15.445699Z  INFO stream::session: signal="socket.backpressure" tick=15444 bound=500 paused_ms=0 resumes=32
2026-09-22T18:10:15.445737Z  INFO stream::session: signal="socket.backpressure" tick=15445 bound=500 paused_ms=0 resumes=33
2026-09-22T18:10:15.448411Z  INFO stream::session: signal="socket.backpressure" tick=16745 bound=500 paused_ms=0 resumes=34
2026-09-22T18:10:15.448455Z  INFO stream::session: signal="socket.backpressure" tick=16746 bound=500 paused_ms=0 resumes=35
2026-09-22T18:10:15.448536Z  INFO stream::session: signal="socket.backpressure" tick=16747 bound=500 paused_ms=0 resumes=36
2026-09-22T18:10:15.448574Z  INFO stream::session: signal="socket.backpressure" tick=16748 bound=500 paused_ms=0 resumes=37
2026-09-22T18:10:15.448621Z  INFO stream::session: signal="socket.backpressure" tick=16749 bound=500 paused_ms=0 resumes=38
2026-09-22T18:10:15.477003Z  INFO stream::session: signal="socket.backpressure" tick=17979 bound=500 paused_ms=26 resumes=39
2026-09-22T18:10:15.478462Z  INFO stream::session: signal="socket.backpressure" tick=18848 bound=500 paused_ms=0 resumes=40
2026-09-22T18:10:15.479334Z  INFO stream::session: signal="socket.backpressure" tick=19349 bound=500 paused_ms=0 resumes=41
2026-09-22T18:10:15.501381Z  INFO stream::session: signal="socket.backpressure" tick=20549 bound=500 paused_ms=20 resumes=42
2026-09-22T18:10:15.524189Z  INFO stream::session: signal="socket.backpressure" tick=23110 bound=500 paused_ms=18 resumes=43
2026-09-22T18:10:15.543211Z  INFO stream::session: signal="socket.backpressure" tick=25675 bound=500 paused_ms=15 resumes=44
2026-09-22T18:10:15.561700Z  INFO stream::session: signal="socket.backpressure" tick=28240 bound=500 paused_ms=14 resumes=45
2026-09-22T18:10:15.565391Z  INFO engine_cli::serve: signal="socket.session_closed" ticks=30000 high_water=502 bound=500 pauses=45 paused_ms=110

exit 0
